Archive member included to satisfy reference by file (symbol)

c:/program files (x86)/atmel/studio/7.0/toolchain/avr8/avr8-gnu-toolchain/bin/../lib/gcc/avr/5.4.0/../../../../avr/lib/avr5\libm.a(addsf3.o)
                              HAL/TIMER1_PWM/Source/TIMER1_PWM.o (__subsf3)
c:/program files (x86)/atmel/studio/7.0/toolchain/avr8/avr8-gnu-toolchain/bin/../lib/gcc/avr/5.4.0/../../../../avr/lib/avr5\libm.a(addsf3x.o)
                              c:/program files (x86)/atmel/studio/7.0/toolchain/avr8/avr8-gnu-toolchain/bin/../lib/gcc/avr/5.4.0/../../../../avr/lib/avr5\libm.a(addsf3.o) (__addsf3x)
c:/program files (x86)/atmel/studio/7.0/toolchain/avr8/avr8-gnu-toolchain/bin/../lib/gcc/avr/5.4.0/../../../../avr/lib/avr5\libm.a(cmpsf2.o)
                              HAL/SSD/Source/SSD.o (__ltsf2)
c:/program files (x86)/atmel/studio/7.0/toolchain/avr8/avr8-gnu-toolchain/bin/../lib/gcc/avr/5.4.0/../../../../avr/lib/avr5\libm.a(divsf3.o)
                              HAL/TIMER1_PWM/Source/TIMER1_PWM.o (__divsf3)
c:/program files (x86)/atmel/studio/7.0/toolchain/avr8/avr8-gnu-toolchain/bin/../lib/gcc/avr/5.4.0/../../../../avr/lib/avr5\libm.a(divsf3x.o)
                              c:/program files (x86)/atmel/studio/7.0/toolchain/avr8/avr8-gnu-toolchain/bin/../lib/gcc/avr/5.4.0/../../../../avr/lib/avr5\libm.a(divsf3.o) (__divsf3x)
c:/program files (x86)/atmel/studio/7.0/toolchain/avr8/avr8-gnu-toolchain/bin/../lib/gcc/avr/5.4.0/../../../../avr/lib/avr5\libm.a(fixunssfsi.o)
                              HAL/SSD/Source/SSD.o (__fixunssfsi)
c:/program files (x86)/atmel/studio/7.0/toolchain/avr8/avr8-gnu-toolchain/bin/../lib/gcc/avr/5.4.0/../../../../avr/lib/avr5\libm.a(floatsisf.o)
                              HAL/TIMER1_PWM/Source/TIMER1_PWM.o (__floatunsisf)
c:/program files (x86)/atmel/studio/7.0/toolchain/avr8/avr8-gnu-toolchain/bin/../lib/gcc/avr/5.4.0/../../../../avr/lib/avr5\libm.a(fp_cmp.o)
                              c:/program files (x86)/atmel/studio/7.0/toolchain/avr8/avr8-gnu-toolchain/bin/../lib/gcc/avr/5.4.0/../../../../avr/lib/avr5\libm.a(cmpsf2.o) (__fp_cmp)
c:/program files (x86)/atmel/studio/7.0/toolchain/avr8/avr8-gnu-toolchain/bin/../lib/gcc/avr/5.4.0/../../../../avr/lib/avr5\libm.a(fp_inf.o)
                              c:/program files (x86)/atmel/studio/7.0/toolchain/avr8/avr8-gnu-toolchain/bin/../lib/gcc/avr/5.4.0/../../../../avr/lib/avr5\libm.a(addsf3x.o) (__fp_inf)
c:/program files (x86)/atmel/studio/7.0/toolchain/avr8/avr8-gnu-toolchain/bin/../lib/gcc/avr/5.4.0/../../../../avr/lib/avr5\libm.a(fp_nan.o)
                              c:/program files (x86)/atmel/studio/7.0/toolchain/avr8/avr8-gnu-toolchain/bin/../lib/gcc/avr/5.4.0/../../../../avr/lib/avr5\libm.a(addsf3x.o) (__fp_nan)
c:/program files (x86)/atmel/studio/7.0/toolchain/avr8/avr8-gnu-toolchain/bin/../lib/gcc/avr/5.4.0/../../../../avr/lib/avr5\libm.a(fp_pscA.o)
                              c:/program files (x86)/atmel/studio/7.0/toolchain/avr8/avr8-gnu-toolchain/bin/../lib/gcc/avr/5.4.0/../../../../avr/lib/avr5\libm.a(addsf3x.o) (__fp_pscA)
c:/program files (x86)/atmel/studio/7.0/toolchain/avr8/avr8-gnu-toolchain/bin/../lib/gcc/avr/5.4.0/../../../../avr/lib/avr5\libm.a(fp_pscB.o)
                              c:/program files (x86)/atmel/studio/7.0/toolchain/avr8/avr8-gnu-toolchain/bin/../lib/gcc/avr/5.4.0/../../../../avr/lib/avr5\libm.a(addsf3x.o) (__fp_pscB)
c:/program files (x86)/atmel/studio/7.0/toolchain/avr8/avr8-gnu-toolchain/bin/../lib/gcc/avr/5.4.0/../../../../avr/lib/avr5\libm.a(fp_round.o)
                              c:/program files (x86)/atmel/studio/7.0/toolchain/avr8/avr8-gnu-toolchain/bin/../lib/gcc/avr/5.4.0/../../../../avr/lib/avr5\libm.a(addsf3.o) (__fp_round)
c:/program files (x86)/atmel/studio/7.0/toolchain/avr8/avr8-gnu-toolchain/bin/../lib/gcc/avr/5.4.0/../../../../avr/lib/avr5\libm.a(fp_split3.o)
                              c:/program files (x86)/atmel/studio/7.0/toolchain/avr8/avr8-gnu-toolchain/bin/../lib/gcc/avr/5.4.0/../../../../avr/lib/avr5\libm.a(addsf3x.o) (__fp_split3)
c:/program files (x86)/atmel/studio/7.0/toolchain/avr8/avr8-gnu-toolchain/bin/../lib/gcc/avr/5.4.0/../../../../avr/lib/avr5\libm.a(fp_zero.o)
                              c:/program files (x86)/atmel/studio/7.0/toolchain/avr8/avr8-gnu-toolchain/bin/../lib/gcc/avr/5.4.0/../../../../avr/lib/avr5\libm.a(addsf3x.o) (__fp_zero)
c:/program files (x86)/atmel/studio/7.0/toolchain/avr8/avr8-gnu-toolchain/bin/../lib/gcc/avr/5.4.0/../../../../avr/lib/avr5\libm.a(gesf2.o)
                              HAL/SSD/Source/SSD.o (__gtsf2)
c:/program files (x86)/atmel/studio/7.0/toolchain/avr8/avr8-gnu-toolchain/bin/../lib/gcc/avr/5.4.0/../../../../avr/lib/avr5\libm.a(mulsf3.o)
                              HAL/SSD/Source/SSD.o (__mulsf3)
c:/program files (x86)/atmel/studio/7.0/toolchain/avr8/avr8-gnu-toolchain/bin/../lib/gcc/avr/5.4.0/../../../../avr/lib/avr5\libm.a(mulsf3x.o)
                              c:/program files (x86)/atmel/studio/7.0/toolchain/avr8/avr8-gnu-toolchain/bin/../lib/gcc/avr/5.4.0/../../../../avr/lib/avr5\libm.a(mulsf3.o) (__mulsf3x)
c:/program files (x86)/atmel/studio/7.0/toolchain/avr8/avr8-gnu-toolchain/bin/../lib/gcc/avr/5.4.0/avr5\libgcc.a(_udivmodhi4.o)
                              FreeRTOS/Source/queue.o (__udivmodhi4)
c:/program files (x86)/atmel/studio/7.0/toolchain/avr8/avr8-gnu-toolchain/bin/../lib/gcc/avr/5.4.0/avr5\libgcc.a(_udivmodsi4.o)
                              MCAL/TWI/Source/TWI.o (__udivmodsi4)
c:/program files (x86)/atmel/studio/7.0/toolchain/avr8/avr8-gnu-toolchain/bin/../lib/gcc/avr/5.4.0/avr5\libgcc.a(_exit.o)
                              C:/Program Files (x86)/Atmel/Studio/7.0/Packs/atmel/ATmega_DFP/1.7.374/gcc/dev/atmega32/avr5/crtatmega32.o (exit)
c:/program files (x86)/atmel/studio/7.0/toolchain/avr8/avr8-gnu-toolchain/bin/../lib/gcc/avr/5.4.0/avr5\libgcc.a(_tablejump2.o)
                              MCAL/ADC/Source/ADC.o (__tablejump2__)
c:/program files (x86)/atmel/studio/7.0/toolchain/avr8/avr8-gnu-toolchain/bin/../lib/gcc/avr/5.4.0/avr5\libgcc.a(_copy_data.o)
                              FreeRTOS/Source/tasks.o (__do_copy_data)
c:/program files (x86)/atmel/studio/7.0/toolchain/avr8/avr8-gnu-toolchain/bin/../lib/gcc/avr/5.4.0/avr5\libgcc.a(_clear_bss.o)
                              FreeRTOS/Source/heap_1.o (__do_clear_bss)
c:/program files (x86)/atmel/studio/7.0/toolchain/avr8/avr8-gnu-toolchain/bin/../lib/gcc/avr/5.4.0/../../../../avr/lib/avr5\libc.a(memcpy.o)
                              FreeRTOS/Source/queue.o (memcpy)
c:/program files (x86)/atmel/studio/7.0/toolchain/avr8/avr8-gnu-toolchain/bin/../lib/gcc/avr/5.4.0/../../../../avr/lib/avr5\libc.a(itoa_ncheck.o)
                              Application/Source/Application.o (__itoa_ncheck)
c:/program files (x86)/atmel/studio/7.0/toolchain/avr8/avr8-gnu-toolchain/bin/../lib/gcc/avr/5.4.0/../../../../avr/lib/avr5\libc.a(utoa_ncheck.o)
                              c:/program files (x86)/atmel/studio/7.0/toolchain/avr8/avr8-gnu-toolchain/bin/../lib/gcc/avr/5.4.0/../../../../avr/lib/avr5\libc.a(itoa_ncheck.o) (__utoa_common)
c:/program files (x86)/atmel/studio/7.0/toolchain/avr8/avr8-gnu-toolchain/bin/../lib/gcc/avr/5.4.0/../../../../avr/lib/avr5\libc.a(strrev.o)
                              c:/program files (x86)/atmel/studio/7.0/toolchain/avr8/avr8-gnu-toolchain/bin/../lib/gcc/avr/5.4.0/../../../../avr/lib/avr5\libc.a(utoa_ncheck.o) (strrev)

Discarded input sections

 .data          0x00000000        0x0 C:/Program Files (x86)/Atmel/Studio/7.0/Packs/atmel/ATmega_DFP/1.7.374/gcc/dev/atmega32/avr5/crtatmega32.o
 .bss           0x00000000        0x0 C:/Program Files (x86)/Atmel/Studio/7.0/Packs/atmel/ATmega_DFP/1.7.374/gcc/dev/atmega32/avr5/crtatmega32.o
 .text          0x00000000        0x0 Application/Source/Application.o
 .data          0x00000000        0x0 Application/Source/Application.o
 .bss           0x00000000        0x0 Application/Source/Application.o
 .text.Potentiometer_With_ADC
                0x00000000       0x6a Application/Source/Application.o
 .debug_info    0x00000000      0x3fe Application/Source/Application.o
 .debug_abbrev  0x00000000      0x1f3 Application/Source/Application.o
 .debug_loc     0x00000000       0xd0 Application/Source/Application.o
 .debug_aranges
                0x00000000       0x20 Application/Source/Application.o
 .debug_ranges  0x00000000       0x10 Application/Source/Application.o
 .debug_line    0x00000000      0x23a Application/Source/Application.o
 .debug_str     0x00000000      0x42d Application/Source/Application.o
 .comment       0x00000000       0x31 Application/Source/Application.o
 .debug_frame   0x00000000       0x34 Application/Source/Application.o
 .text          0x00000000        0x0 FreeRTOS/Source/croutine.o
 .data          0x00000000        0x0 FreeRTOS/Source/croutine.o
 .bss           0x00000000        0x0 FreeRTOS/Source/croutine.o
 .debug_info    0x00000000       0x64 FreeRTOS/Source/croutine.o
 .debug_abbrev  0x00000000       0x26 FreeRTOS/Source/croutine.o
 .debug_aranges
                0x00000000       0x18 FreeRTOS/Source/croutine.o
 .debug_line    0x00000000       0x1a FreeRTOS/Source/croutine.o
 .debug_str     0x00000000      0x19c FreeRTOS/Source/croutine.o
 .comment       0x00000000       0x31 FreeRTOS/Source/croutine.o
 .text          0x00000000        0x0 FreeRTOS/Source/event_groups.o
 .data          0x00000000        0x0 FreeRTOS/Source/event_groups.o
 .bss           0x00000000        0x0 FreeRTOS/Source/event_groups.o
 .text.prvTestWaitCondition
                0x00000000       0x26 FreeRTOS/Source/event_groups.o
 .text.xEventGroupCreate
                0x00000000       0x26 FreeRTOS/Source/event_groups.o
 .text.xEventGroupWaitBits
                0x00000000       0xe4 FreeRTOS/Source/event_groups.o
 .text.xEventGroupClearBits
                0x00000000       0x1e FreeRTOS/Source/event_groups.o
 .text.xEventGroupGetBitsFromISR
                0x00000000        0x8 FreeRTOS/Source/event_groups.o
 .text.xEventGroupSetBits
                0x00000000       0xc8 FreeRTOS/Source/event_groups.o
 .text.xEventGroupSync
                0x00000000       0xd6 FreeRTOS/Source/event_groups.o
 .text.vEventGroupDelete
                0x00000000       0x2e FreeRTOS/Source/event_groups.o
 .text.vEventGroupSetBitsCallback
                0x00000000        0x8 FreeRTOS/Source/event_groups.o
 .text.vEventGroupClearBitsCallback
                0x00000000        0x8 FreeRTOS/Source/event_groups.o
 .debug_info    0x00000000      0x8db FreeRTOS/Source/event_groups.o
 .debug_abbrev  0x00000000      0x1dc FreeRTOS/Source/event_groups.o
 .debug_loc     0x00000000      0xb41 FreeRTOS/Source/event_groups.o
 .debug_aranges
                0x00000000       0x68 FreeRTOS/Source/event_groups.o
 .debug_ranges  0x00000000       0x70 FreeRTOS/Source/event_groups.o
 .debug_line    0x00000000      0x430 FreeRTOS/Source/event_groups.o
 .debug_str     0x00000000      0x5b0 FreeRTOS/Source/event_groups.o
 .comment       0x00000000       0x31 FreeRTOS/Source/event_groups.o
 .debug_frame   0x00000000      0x15c FreeRTOS/Source/event_groups.o
 .text          0x00000000        0x0 FreeRTOS/Source/heap_1.o
 .data          0x00000000        0x0 FreeRTOS/Source/heap_1.o
 .bss           0x00000000        0x0 FreeRTOS/Source/heap_1.o
 .text.pvPortMalloc
                0x00000000       0x74 FreeRTOS/Source/heap_1.o
 .text.vPortFree
                0x00000000        0x2 FreeRTOS/Source/heap_1.o
 .text.vPortInitialiseBlocks
                0x00000000        0xa FreeRTOS/Source/heap_1.o
 .text.xPortGetFreeHeapSize
                0x00000000       0x12 FreeRTOS/Source/heap_1.o
 .bss.pucAlignedHeap.2111
                0x00000000        0x2 FreeRTOS/Source/heap_1.o
 .bss.xNextFreeByte
                0x00000000        0x2 FreeRTOS/Source/heap_1.o
 .bss.ucHeap    0x00000000      0x5dc FreeRTOS/Source/heap_1.o
 .debug_info    0x00000000      0x1a4 FreeRTOS/Source/heap_1.o
 .debug_abbrev  0x00000000      0x11c FreeRTOS/Source/heap_1.o
 .debug_loc     0x00000000      0x10f FreeRTOS/Source/heap_1.o
 .debug_aranges
                0x00000000       0x38 FreeRTOS/Source/heap_1.o
 .debug_ranges  0x00000000       0x28 FreeRTOS/Source/heap_1.o
 .debug_line    0x00000000      0x1d0 FreeRTOS/Source/heap_1.o
 .debug_str     0x00000000      0x24c FreeRTOS/Source/heap_1.o
 .comment       0x00000000       0x31 FreeRTOS/Source/heap_1.o
 .debug_frame   0x00000000       0x60 FreeRTOS/Source/heap_1.o
 .text          0x00000000        0x0 FreeRTOS/Source/list.o
 .data          0x00000000        0x0 FreeRTOS/Source/list.o
 .bss           0x00000000        0x0 FreeRTOS/Source/list.o
 .text.vListInitialise
                0x00000000       0x1c FreeRTOS/Source/list.o
 .text.vListInitialiseItem
                0x00000000        0x8 FreeRTOS/Source/list.o
 .text.vListInsertEnd
                0x00000000       0x42 FreeRTOS/Source/list.o
 .text.vListInsert
                0x00000000       0x62 FreeRTOS/Source/list.o
 .text.uxListRemove
                0x00000000       0x4e FreeRTOS/Source/list.o
 .debug_info    0x00000000      0x2d8 FreeRTOS/Source/list.o
 .debug_abbrev  0x00000000       0xff FreeRTOS/Source/list.o
 .debug_loc     0x00000000      0x145 FreeRTOS/Source/list.o
 .debug_aranges
                0x00000000       0x40 FreeRTOS/Source/list.o
 .debug_ranges  0x00000000       0x30 FreeRTOS/Source/list.o
 .debug_line    0x00000000      0x204 FreeRTOS/Source/list.o
 .debug_str     0x00000000      0x2db FreeRTOS/Source/list.o
 .comment       0x00000000       0x31 FreeRTOS/Source/list.o
 .debug_frame   0x00000000       0x88 FreeRTOS/Source/list.o
 .text          0x00000000        0x0 FreeRTOS/Source/queue.o
 .data          0x00000000        0x0 FreeRTOS/Source/queue.o
 .bss           0x00000000        0x0 FreeRTOS/Source/queue.o
 .text.prvIsQueueEmpty
                0x00000000       0x1a FreeRTOS/Source/queue.o
 .text.prvIsQueueFull
                0x00000000       0x1c FreeRTOS/Source/queue.o
 .text.prvCopyDataToQueue
                0x00000000       0x92 FreeRTOS/Source/queue.o
 .text.prvCopyDataFromQueue
                0x00000000       0x34 FreeRTOS/Source/queue.o
 .text.prvUnlockQueue
                0x00000000       0x68 FreeRTOS/Source/queue.o
 .text.xQueueGenericReset
                0x00000000       0xc0 FreeRTOS/Source/queue.o
 .text.prvInitialiseNewQueue
                0x00000000       0x26 FreeRTOS/Source/queue.o
 .text.xQueueGenericCreate
                0x00000000       0x82 FreeRTOS/Source/queue.o
 .text.xQueueGenericSend
                0x00000000      0x124 FreeRTOS/Source/queue.o
 .text.xQueueGenericSendFromISR
                0x00000000       0x84 FreeRTOS/Source/queue.o
 .text.xQueueGiveFromISR
                0x00000000       0x70 FreeRTOS/Source/queue.o
 .text.xQueueReceive
                0x00000000      0x11e FreeRTOS/Source/queue.o
 .text.xQueueSemaphoreTake
                0x00000000      0x106 FreeRTOS/Source/queue.o
 .text.xQueuePeek
                0x00000000      0x122 FreeRTOS/Source/queue.o
 .text.xQueueReceiveFromISR
                0x00000000       0x7a FreeRTOS/Source/queue.o
 .text.xQueuePeekFromISR
                0x00000000       0x2e FreeRTOS/Source/queue.o
 .text.uxQueueMessagesWaiting
                0x00000000       0x10 FreeRTOS/Source/queue.o
 .text.uxQueueSpacesAvailable
                0x00000000       0x16 FreeRTOS/Source/queue.o
 .text.uxQueueMessagesWaitingFromISR
                0x00000000        0x6 FreeRTOS/Source/queue.o
 .text.vQueueDelete
                0x00000000        0x6 FreeRTOS/Source/queue.o
 .text.xQueueIsQueueEmptyFromISR
                0x00000000       0x10 FreeRTOS/Source/queue.o
 .text.xQueueIsQueueFullFromISR
                0x00000000       0x12 FreeRTOS/Source/queue.o
 .debug_info    0x00000000     0x14f8 FreeRTOS/Source/queue.o
 .debug_abbrev  0x00000000      0x227 FreeRTOS/Source/queue.o
 .debug_loc     0x00000000     0x18dd FreeRTOS/Source/queue.o
 .debug_aranges
                0x00000000       0xc8 FreeRTOS/Source/queue.o
 .debug_ranges  0x00000000      0x100 FreeRTOS/Source/queue.o
 .debug_line    0x00000000      0xad9 FreeRTOS/Source/queue.o
 .debug_str     0x00000000      0x7c3 FreeRTOS/Source/queue.o
 .comment       0x00000000       0x31 FreeRTOS/Source/queue.o
 .debug_frame   0x00000000      0x2fc FreeRTOS/Source/queue.o
 .text          0x00000000        0x0 FreeRTOS/Source/stream_buffer.o
 .data          0x00000000        0x0 FreeRTOS/Source/stream_buffer.o
 .bss           0x00000000        0x0 FreeRTOS/Source/stream_buffer.o
 .text.prvBytesInBuffer
                0x00000000       0x26 FreeRTOS/Source/stream_buffer.o
 .text.prvInitialiseNewStreamBuffer
                0x00000000       0x20 FreeRTOS/Source/stream_buffer.o
 .text.prvWriteBytesToBuffer
                0x00000000       0x88 FreeRTOS/Source/stream_buffer.o
 .text.prvWriteMessageToBuffer
                0x00000000       0x8e FreeRTOS/Source/stream_buffer.o
 .text.prvReadBytesFromBuffer
                0x00000000       0x88 FreeRTOS/Source/stream_buffer.o
 .text.prvReadMessageFromBuffer
                0x00000000       0x90 FreeRTOS/Source/stream_buffer.o
 .text.xStreamBufferGenericCreate
                0x00000000       0x80 FreeRTOS/Source/stream_buffer.o
 .text.vStreamBufferDelete
                0x00000000       0x1a FreeRTOS/Source/stream_buffer.o
 .text.xStreamBufferReset
                0x00000000       0x56 FreeRTOS/Source/stream_buffer.o
 .text.xStreamBufferSetTriggerLevel
                0x00000000       0x22 FreeRTOS/Source/stream_buffer.o
 .text.xStreamBufferSpacesAvailable
                0x00000000       0x34 FreeRTOS/Source/stream_buffer.o
 .text.xStreamBufferBytesAvailable
                0x00000000        0x6 FreeRTOS/Source/stream_buffer.o
 .text.xStreamBufferSend
                0x00000000      0x174 FreeRTOS/Source/stream_buffer.o
 .text.xStreamBufferSendFromISR
                0x00000000       0x8e FreeRTOS/Source/stream_buffer.o
 .text.xStreamBufferReceive
                0x00000000      0x102 FreeRTOS/Source/stream_buffer.o
 .text.xStreamBufferNextMessageLengthBytes
                0x00000000       0x54 FreeRTOS/Source/stream_buffer.o
 .text.xStreamBufferReceiveFromISR
                0x00000000       0x8a FreeRTOS/Source/stream_buffer.o
 .text.xStreamBufferIsEmpty
                0x00000000       0x18 FreeRTOS/Source/stream_buffer.o
 .text.xStreamBufferIsFull
                0x00000000       0x2c FreeRTOS/Source/stream_buffer.o
 .text.xStreamBufferSendCompletedFromISR
                0x00000000       0x4c FreeRTOS/Source/stream_buffer.o
 .text.xStreamBufferReceiveCompletedFromISR
                0x00000000       0x4c FreeRTOS/Source/stream_buffer.o
 .debug_info    0x00000000     0x1376 FreeRTOS/Source/stream_buffer.o
 .debug_abbrev  0x00000000      0x200 FreeRTOS/Source/stream_buffer.o
 .debug_loc     0x00000000     0x1c9f FreeRTOS/Source/stream_buffer.o
 .debug_aranges
                0x00000000       0xc0 FreeRTOS/Source/stream_buffer.o
 .debug_ranges  0x00000000       0xb0 FreeRTOS/Source/stream_buffer.o
 .debug_line    0x00000000      0x7a9 FreeRTOS/Source/stream_buffer.o
 .debug_str     0x00000000      0x853 FreeRTOS/Source/stream_buffer.o
 .comment       0x00000000       0x31 FreeRTOS/Source/stream_buffer.o
 .debug_frame   0x00000000      0x41c FreeRTOS/Source/stream_buffer.o
 .text          0x00000000        0x0 FreeRTOS/Source/tasks.o
 .data          0x00000000        0x0 FreeRTOS/Source/tasks.o
 .bss           0x00000000        0x0 FreeRTOS/Source/tasks.o
 .text.prvDeleteTCB
                0x00000000       0x1a FreeRTOS/Source/tasks.o
 .text.prvInitialiseNewTask
                0x00000000       0xd2 FreeRTOS/Source/tasks.o
 .text.prvInitialiseTaskLists
                0x00000000       0x66 FreeRTOS/Source/tasks.o
 .text.prvAddNewTaskToReadyList
                0x00000000       0xfa FreeRTOS/Source/tasks.o
 .text.prvCheckTasksWaitingTermination
                0x00000000       0x4c FreeRTOS/Source/tasks.o
 .text.prvIdleTask
                0x00000000       0x12 FreeRTOS/Source/tasks.o
 .text.prvAddCurrentTaskToDelayedList
                0x00000000       0x88 FreeRTOS/Source/tasks.o
 .text.xTaskCreate
                0x00000000       0xb2 FreeRTOS/Source/tasks.o
 .text.vTaskDelete
                0x00000000       0xb0 FreeRTOS/Source/tasks.o
 .rodata.str1.1
                0x00000000        0x5 FreeRTOS/Source/tasks.o
 .text.vTaskStartScheduler
                0x00000000       0x58 FreeRTOS/Source/tasks.o
 .text.vTaskEndScheduler
                0x00000000        0xc FreeRTOS/Source/tasks.o
 .text.vTaskSuspendAll
                0x00000000        0xc FreeRTOS/Source/tasks.o
 .text.xTaskGetTickCount
                0x00000000       0x14 FreeRTOS/Source/tasks.o
 .text.xTaskGetTickCountFromISR
                0x00000000        0xa FreeRTOS/Source/tasks.o
 .text.uxTaskGetNumberOfTasks
                0x00000000        0x6 FreeRTOS/Source/tasks.o
 .text.pcTaskGetName
                0x00000000       0x10 FreeRTOS/Source/tasks.o
 .text.xTaskResumeAll
                0x00000000      0x1aa FreeRTOS/Source/tasks.o
 .text.xTaskDelayUntil
                0x00000000       0x84 FreeRTOS/Source/tasks.o
 .text.vTaskDelay
                0x00000000       0x2c FreeRTOS/Source/tasks.o
 .text.xTaskCatchUpTicks
                0x00000000       0x32 FreeRTOS/Source/tasks.o
 .text.vTaskPlaceOnEventList
                0x00000000       0x24 FreeRTOS/Source/tasks.o
 .text.vTaskPlaceOnUnorderedEventList
                0x00000000       0x8c FreeRTOS/Source/tasks.o
 .text.xTaskRemoveFromEventList
                0x00000000      0x17a FreeRTOS/Source/tasks.o
 .text.vTaskRemoveFromUnorderedEventList
                0x00000000      0x14c FreeRTOS/Source/tasks.o
 .text.vTaskSetTimeOutState
                0x00000000       0x20 FreeRTOS/Source/tasks.o
 .text.vTaskInternalSetTimeOutState
                0x00000000       0x16 FreeRTOS/Source/tasks.o
 .text.xTaskCheckForTimeOut
                0x00000000       0x64 FreeRTOS/Source/tasks.o
 .text.vTaskMissedYield
                0x00000000        0x8 FreeRTOS/Source/tasks.o
 .text.xTaskGetCurrentTaskHandle
                0x00000000        0xa FreeRTOS/Source/tasks.o
 .text.uxTaskResetEventItemValue
                0x00000000       0x2e FreeRTOS/Source/tasks.o
 .text.ulTaskGenericNotifyTake
                0x00000000      0x106 FreeRTOS/Source/tasks.o
 .text.xTaskGenericNotifyWait
                0x00000000      0x142 FreeRTOS/Source/tasks.o
 .text.xTaskGenericNotify
                0x00000000      0x20a FreeRTOS/Source/tasks.o
 .text.xTaskGenericNotifyFromISR
                0x00000000      0x260 FreeRTOS/Source/tasks.o
 .text.vTaskGenericNotifyGiveFromISR
                0x00000000      0x194 FreeRTOS/Source/tasks.o
 .text.xTaskGenericNotifyStateClear
                0x00000000       0x34 FreeRTOS/Source/tasks.o
 .text.ulTaskGenericNotifyValueClear
                0x00000000       0x6c FreeRTOS/Source/tasks.o
 .data.uxTopUsedPriority
                0x00000000        0x1 FreeRTOS/Source/tasks.o
 .bss.xIdleTaskHandle
                0x00000000        0x2 FreeRTOS/Source/tasks.o
 .bss.uxTaskNumber
                0x00000000        0x1 FreeRTOS/Source/tasks.o
 .bss.xSchedulerRunning
                0x00000000        0x1 FreeRTOS/Source/tasks.o
 .bss.uxCurrentNumberOfTasks
                0x00000000        0x1 FreeRTOS/Source/tasks.o
 .bss.uxDeletedTasksWaitingCleanUp
                0x00000000        0x1 FreeRTOS/Source/tasks.o
 .bss.xTasksWaitingTermination
                0x00000000        0x9 FreeRTOS/Source/tasks.o
 .bss.xPendingReadyList
                0x00000000        0x9 FreeRTOS/Source/tasks.o
 .bss.xDelayedTaskList2
                0x00000000        0x9 FreeRTOS/Source/tasks.o
 .bss.xDelayedTaskList1
                0x00000000        0x9 FreeRTOS/Source/tasks.o
 .text          0x00000000        0x0 FreeRTOS/Source/timers.o
 .data          0x00000000        0x0 FreeRTOS/Source/timers.o
 .bss           0x00000000        0x0 FreeRTOS/Source/timers.o
 .debug_info    0x00000000       0x64 FreeRTOS/Source/timers.o
 .debug_abbrev  0x00000000       0x26 FreeRTOS/Source/timers.o
 .debug_aranges
                0x00000000       0x18 FreeRTOS/Source/timers.o
 .debug_line    0x00000000       0x1a FreeRTOS/Source/timers.o
 .debug_str     0x00000000      0x19a FreeRTOS/Source/timers.o
 .comment       0x00000000       0x31 FreeRTOS/Source/timers.o
 .text          0x00000000        0x0 HAL/Bluetooth/Source/Bluetooth_UART.o
 .data          0x00000000        0x0 HAL/Bluetooth/Source/Bluetooth_UART.o
 .bss           0x00000000        0x0 HAL/Bluetooth/Source/Bluetooth_UART.o
 .text.Bluetooth_Init
                0x00000000        0x6 HAL/Bluetooth/Source/Bluetooth_UART.o
 .text.Bluetooth_Transmit
                0x00000000        0x6 HAL/Bluetooth/Source/Bluetooth_UART.o
 .text.Bluetooth_TransmitString
                0x00000000        0x6 HAL/Bluetooth/Source/Bluetooth_UART.o
 .text.Bluetooth_Receive
                0x00000000        0x6 HAL/Bluetooth/Source/Bluetooth_UART.o
 .text.Bluetooth_Transmit_AT_Command
                0x00000000       0x2a HAL/Bluetooth/Source/Bluetooth_UART.o
 .debug_info    0x00000000      0x561 HAL/Bluetooth/Source/Bluetooth_UART.o
 .debug_abbrev  0x00000000      0x135 HAL/Bluetooth/Source/Bluetooth_UART.o
 .debug_loc     0x00000000       0xd2 HAL/Bluetooth/Source/Bluetooth_UART.o
 .debug_aranges
                0x00000000       0x40 HAL/Bluetooth/Source/Bluetooth_UART.o
 .debug_ranges  0x00000000       0x30 HAL/Bluetooth/Source/Bluetooth_UART.o
 .debug_line    0x00000000      0x145 HAL/Bluetooth/Source/Bluetooth_UART.o
 .debug_str     0x00000000      0x7ee HAL/Bluetooth/Source/Bluetooth_UART.o
 .comment       0x00000000       0x31 HAL/Bluetooth/Source/Bluetooth_UART.o
 .debug_frame   0x00000000       0x70 HAL/Bluetooth/Source/Bluetooth_UART.o
 .text          0x00000000        0x0 HAL/KeyPad/Source/KeyPad.o
 .data          0x00000000        0x0 HAL/KeyPad/Source/KeyPad.o
 .bss           0x00000000        0x0 HAL/KeyPad/Source/KeyPad.o
 .text.KeyPad_Init
                0x00000000       0x5e HAL/KeyPad/Source/KeyPad.o
 .text.GetKey   0x00000000       0x8c HAL/KeyPad/Source/KeyPad.o
 .data.KeyPad   0x00000000       0x10 HAL/KeyPad/Source/KeyPad.o
 .data.KeyPadColoms
                0x00000000        0x4 HAL/KeyPad/Source/KeyPad.o
 .data.KeyPadRows
                0x00000000        0x4 HAL/KeyPad/Source/KeyPad.o
 .debug_info    0x00000000      0x2d3 HAL/KeyPad/Source/KeyPad.o
 .debug_abbrev  0x00000000       0xef HAL/KeyPad/Source/KeyPad.o
 .debug_loc     0x00000000      0x148 HAL/KeyPad/Source/KeyPad.o
 .debug_aranges
                0x00000000       0x28 HAL/KeyPad/Source/KeyPad.o
 .debug_ranges  0x00000000       0x18 HAL/KeyPad/Source/KeyPad.o
 .debug_line    0x00000000      0x194 HAL/KeyPad/Source/KeyPad.o
 .debug_str     0x00000000      0x3be HAL/KeyPad/Source/KeyPad.o
 .comment       0x00000000       0x31 HAL/KeyPad/Source/KeyPad.o
 .debug_frame   0x00000000       0x68 HAL/KeyPad/Source/KeyPad.o
 .text          0x00000000        0x0 HAL/LCD/Source/LCD.o
 .data          0x00000000        0x0 HAL/LCD/Source/LCD.o
 .bss           0x00000000        0x0 HAL/LCD/Source/LCD.o
 .text.Enable   0x00000000       0x1e HAL/LCD/Source/LCD.o
 .text.LCD_Cmd  0x00000000       0x60 HAL/LCD/Source/LCD.o
 .text.LCD_Init
                0x00000000       0x42 HAL/LCD/Source/LCD.o
 .text.LCD_Char
                0x00000000       0x60 HAL/LCD/Source/LCD.o
 .text.LCD_String
                0x00000000       0x26 HAL/LCD/Source/LCD.o
 .text.LCD_SetPosition
                0x00000000       0x22 HAL/LCD/Source/LCD.o
 .text.LCD_Clear
                0x00000000        0x8 HAL/LCD/Source/LCD.o
 .text.LCD_Custom_Char
                0x00000000       0x38 HAL/LCD/Source/LCD.o
 .debug_info    0x00000000      0x765 HAL/LCD/Source/LCD.o
 .debug_abbrev  0x00000000      0x1a7 HAL/LCD/Source/LCD.o
 .debug_loc     0x00000000      0x47d HAL/LCD/Source/LCD.o
 .debug_aranges
                0x00000000       0x58 HAL/LCD/Source/LCD.o
 .debug_ranges  0x00000000       0x48 HAL/LCD/Source/LCD.o
 .debug_line    0x00000000      0x353 HAL/LCD/Source/LCD.o
 .debug_str     0x00000000      0x4dc HAL/LCD/Source/LCD.o
 .comment       0x00000000       0x31 HAL/LCD/Source/LCD.o
 .debug_frame   0x00000000       0xc4 HAL/LCD/Source/LCD.o
 .text          0x00000000        0x0 HAL/Potentiometer/Source/Potentiometer.o
 .data          0x00000000        0x0 HAL/Potentiometer/Source/Potentiometer.o
 .bss           0x00000000        0x0 HAL/Potentiometer/Source/Potentiometer.o
 .text.Potentiometer_Init
                0x00000000        0x6 HAL/Potentiometer/Source/Potentiometer.o
 .text.Potentiometer_Read
                0x00000000        0xe HAL/Potentiometer/Source/Potentiometer.o
 .debug_info    0x00000000      0x20b HAL/Potentiometer/Source/Potentiometer.o
 .debug_abbrev  0x00000000       0xf1 HAL/Potentiometer/Source/Potentiometer.o
 .debug_loc     0x00000000       0x47 HAL/Potentiometer/Source/Potentiometer.o
 .debug_aranges
                0x00000000       0x28 HAL/Potentiometer/Source/Potentiometer.o
 .debug_ranges  0x00000000       0x18 HAL/Potentiometer/Source/Potentiometer.o
 .debug_line    0x00000000       0xbe HAL/Potentiometer/Source/Potentiometer.o
 .debug_str     0x00000000      0x370 HAL/Potentiometer/Source/Potentiometer.o
 .comment       0x00000000       0x31 HAL/Potentiometer/Source/Potentiometer.o
 .debug_frame   0x00000000       0x34 HAL/Potentiometer/Source/Potentiometer.o
 .text          0x00000000        0x0 HAL/SSD/Source/SSD.o
 .data          0x00000000        0x0 HAL/SSD/Source/SSD.o
 .bss           0x00000000        0x0 HAL/SSD/Source/SSD.o
 .text.SSD_Init
                0x00000000       0x4a HAL/SSD/Source/SSD.o
 .text.SSD_Display
                0x00000000      0x100 HAL/SSD/Source/SSD.o
 .text.SSD_Display_With_Delay
                0x00000000       0x6a HAL/SSD/Source/SSD.o
 .debug_info    0x00000000      0x551 HAL/SSD/Source/SSD.o
 .debug_abbrev  0x00000000      0x177 HAL/SSD/Source/SSD.o
 .debug_loc     0x00000000      0x2f0 HAL/SSD/Source/SSD.o
 .debug_aranges
                0x00000000       0x30 HAL/SSD/Source/SSD.o
 .debug_ranges  0x00000000       0x20 HAL/SSD/Source/SSD.o
 .debug_line    0x00000000      0x262 HAL/SSD/Source/SSD.o
 .debug_str     0x00000000      0x493 HAL/SSD/Source/SSD.o
 .comment       0x00000000       0x31 HAL/SSD/Source/SSD.o
 .debug_frame   0x00000000       0xa0 HAL/SSD/Source/SSD.o
 .text          0x00000000        0x0 HAL/TIMER1_PWM/Source/TIMER1_PWM.o
 .data          0x00000000        0x0 HAL/TIMER1_PWM/Source/TIMER1_PWM.o
 .bss           0x00000000        0x0 HAL/TIMER1_PWM/Source/TIMER1_PWM.o
 .text.PWM_T1_Generate_COM1A
                0x00000000       0x82 HAL/TIMER1_PWM/Source/TIMER1_PWM.o
 .text.PWM_T2_Generate_COM1B
                0x00000000       0x80 HAL/TIMER1_PWM/Source/TIMER1_PWM.o
 .debug_info    0x00000000      0x435 HAL/TIMER1_PWM/Source/TIMER1_PWM.o
 .debug_abbrev  0x00000000      0x106 HAL/TIMER1_PWM/Source/TIMER1_PWM.o
 .debug_loc     0x00000000      0x160 HAL/TIMER1_PWM/Source/TIMER1_PWM.o
 .debug_aranges
                0x00000000       0x28 HAL/TIMER1_PWM/Source/TIMER1_PWM.o
 .debug_ranges  0x00000000       0x18 HAL/TIMER1_PWM/Source/TIMER1_PWM.o
 .debug_line    0x00000000      0x132 HAL/TIMER1_PWM/Source/TIMER1_PWM.o
 .debug_str     0x00000000      0x696 HAL/TIMER1_PWM/Source/TIMER1_PWM.o
 .comment       0x00000000       0x31 HAL/TIMER1_PWM/Source/TIMER1_PWM.o
 .debug_frame   0x00000000       0x6c HAL/TIMER1_PWM/Source/TIMER1_PWM.o
 .text          0x00000000        0x0 main.o
 .data          0x00000000        0x0 main.o
 .bss           0x00000000        0x0 main.o
 .text          0x00000000        0x0 MCAL/ADC/Source/ADC.o
 .data          0x00000000        0x0 MCAL/ADC/Source/ADC.o
 .bss           0x00000000        0x0 MCAL/ADC/Source/ADC.o
 .text.ADC_Init
                0x00000000       0x1c MCAL/ADC/Source/ADC.o
 .text.ADC_READ
                0x00000000       0x8e MCAL/ADC/Source/ADC.o
 .progmem.gcc_sw_table.ADC_READ
                0x00000000       0x10 MCAL/ADC/Source/ADC.o
 .debug_info    0x00000000      0x392 MCAL/ADC/Source/ADC.o
 .debug_abbrev  0x00000000      0x10d MCAL/ADC/Source/ADC.o
 .debug_loc     0x00000000      0x137 MCAL/ADC/Source/ADC.o
 .debug_aranges
                0x00000000       0x28 MCAL/ADC/Source/ADC.o
 .debug_ranges  0x00000000       0x18 MCAL/ADC/Source/ADC.o
 .debug_line    0x00000000      0x12d MCAL/ADC/Source/ADC.o
 .debug_str     0x00000000      0x520 MCAL/ADC/Source/ADC.o
 .comment       0x00000000       0x31 MCAL/ADC/Source/ADC.o
 .debug_frame   0x00000000       0x3c MCAL/ADC/Source/ADC.o
 .text          0x00000000        0x0 MCAL/DIO/Source/DIO.o
 .data          0x00000000        0x0 MCAL/DIO/Source/DIO.o
 .bss           0x00000000        0x0 MCAL/DIO/Source/DIO.o
 .text.DIO_WriteChannel
                0x00000000      0x10e MCAL/DIO/Source/DIO.o
 .text.DIO_ReadChannel
                0x00000000       0x70 MCAL/DIO/Source/DIO.o
 .text.DIO_ConfigChannel
                0x00000000      0x10e MCAL/DIO/Source/DIO.o
 .text.DIO_ToggleChannel
                0x00000000       0x82 MCAL/DIO/Source/DIO.o
 .text.DIO_WritePort
                0x00000000       0x20 MCAL/DIO/Source/DIO.o
 .text.DIO_ReadPort
                0x00000000       0x22 MCAL/DIO/Source/DIO.o
 .text.DIO_ConfigPort
                0x00000000       0x20 MCAL/DIO/Source/DIO.o
 .text.DIO_WriteChannelGroup
                0x00000000       0x50 MCAL/DIO/Source/DIO.o
 .debug_info    0x00000000      0x3dc MCAL/DIO/Source/DIO.o
 .debug_abbrev  0x00000000       0xea MCAL/DIO/Source/DIO.o
 .debug_loc     0x00000000      0x6d1 MCAL/DIO/Source/DIO.o
 .debug_aranges
                0x00000000       0x58 MCAL/DIO/Source/DIO.o
 .debug_ranges  0x00000000       0x48 MCAL/DIO/Source/DIO.o
 .debug_line    0x00000000      0x270 MCAL/DIO/Source/DIO.o
 .debug_str     0x00000000      0x483 MCAL/DIO/Source/DIO.o
 .comment       0x00000000       0x31 MCAL/DIO/Source/DIO.o
 .debug_frame   0x00000000       0x94 MCAL/DIO/Source/DIO.o
 .text          0x00000000        0x0 MCAL/DIO/Source/DIO_Config.o
 .data          0x00000000        0x0 MCAL/DIO/Source/DIO_Config.o
 .bss           0x00000000        0x0 MCAL/DIO/Source/DIO_Config.o
 .text.DIO_Init
                0x00000000      0x12a MCAL/DIO/Source/DIO_Config.o
 .data.PinConfig
                0x00000000       0x40 MCAL/DIO/Source/DIO_Config.o
 .debug_info    0x00000000      0x244 MCAL/DIO/Source/DIO_Config.o
 .debug_abbrev  0x00000000       0xbb MCAL/DIO/Source/DIO_Config.o
 .debug_loc     0x00000000      0x10a MCAL/DIO/Source/DIO_Config.o
 .debug_aranges
                0x00000000       0x20 MCAL/DIO/Source/DIO_Config.o
 .debug_ranges  0x00000000       0x10 MCAL/DIO/Source/DIO_Config.o
 .debug_line    0x00000000      0x10b MCAL/DIO/Source/DIO_Config.o
 .debug_str     0x00000000      0x3f9 MCAL/DIO/Source/DIO_Config.o
 .comment       0x00000000       0x31 MCAL/DIO/Source/DIO_Config.o
 .debug_frame   0x00000000       0x24 MCAL/DIO/Source/DIO_Config.o
 .text          0x00000000        0x0 MCAL/EXT_Interrupt/Source/EXT_Interrupts.o
 .data          0x00000000        0x0 MCAL/EXT_Interrupt/Source/EXT_Interrupts.o
 .bss           0x00000000        0x0 MCAL/EXT_Interrupt/Source/EXT_Interrupts.o
 .text.EXT_INTERRUPTS_STATE
                0x00000000       0x52 MCAL/EXT_Interrupt/Source/EXT_Interrupts.o
 .text.EXT_INTERRUPTS_SNCONTROLE_MODE
                0x00000000       0x3e MCAL/EXT_Interrupt/Source/EXT_Interrupts.o
 .text.EXT_INTERRUPTS_SetCallBack
                0x00000000       0x2a MCAL/EXT_Interrupt/Source/EXT_Interrupts.o
 .text          0x00000000        0x0 MCAL/G_Interrupt/Source/G_Interrupts.o
 .data          0x00000000        0x0 MCAL/G_Interrupt/Source/G_Interrupts.o
 .bss           0x00000000        0x0 MCAL/G_Interrupt/Source/G_Interrupts.o
 .text.G_INTERRUPTS_EnableAll
                0x00000000        0x8 MCAL/G_Interrupt/Source/G_Interrupts.o
 .text.G_INTERRUPTS_DisableAll
                0x00000000        0x8 MCAL/G_Interrupt/Source/G_Interrupts.o
 .debug_info    0x00000000       0x8a MCAL/G_Interrupt/Source/G_Interrupts.o
 .debug_abbrev  0x00000000       0x46 MCAL/G_Interrupt/Source/G_Interrupts.o
 .debug_aranges
                0x00000000       0x28 MCAL/G_Interrupt/Source/G_Interrupts.o
 .debug_ranges  0x00000000       0x18 MCAL/G_Interrupt/Source/G_Interrupts.o
 .debug_line    0x00000000       0x89 MCAL/G_Interrupt/Source/G_Interrupts.o
 .debug_str     0x00000000      0x1ad MCAL/G_Interrupt/Source/G_Interrupts.o
 .comment       0x00000000       0x31 MCAL/G_Interrupt/Source/G_Interrupts.o
 .debug_frame   0x00000000       0x34 MCAL/G_Interrupt/Source/G_Interrupts.o
 .text          0x00000000        0x0 MCAL/SPI/Source/SPI.o
 .data          0x00000000        0x0 MCAL/SPI/Source/SPI.o
 .bss           0x00000000        0x0 MCAL/SPI/Source/SPI.o
 .text.SPI_Init
                0x00000000       0xc4 MCAL/SPI/Source/SPI.o
 .text.SPI_TX_RX
                0x00000000        0xa MCAL/SPI/Source/SPI.o
 .text.SPI_TX_RX_String
                0x00000000       0x26 MCAL/SPI/Source/SPI.o
 .text.SPI_Cannel_State
                0x00000000       0x30 MCAL/SPI/Source/SPI.o
 .debug_info    0x00000000      0x66e MCAL/SPI/Source/SPI.o
 .debug_abbrev  0x00000000      0x13c MCAL/SPI/Source/SPI.o
 .debug_loc     0x00000000      0x19c MCAL/SPI/Source/SPI.o
 .debug_aranges
                0x00000000       0x38 MCAL/SPI/Source/SPI.o
 .debug_ranges  0x00000000       0x28 MCAL/SPI/Source/SPI.o
 .debug_line    0x00000000      0x1c9 MCAL/SPI/Source/SPI.o
 .debug_str     0x00000000      0x687 MCAL/SPI/Source/SPI.o
 .comment       0x00000000       0x31 MCAL/SPI/Source/SPI.o
 .debug_frame   0x00000000       0x7c MCAL/SPI/Source/SPI.o
 .text          0x00000000        0x0 MCAL/Timer0/Source/Timer0.o
 .data          0x00000000        0x0 MCAL/Timer0/Source/Timer0.o
 .bss           0x00000000        0x0 MCAL/Timer0/Source/Timer0.o
 .text.TIMER0_Init
                0x00000000       0x82 MCAL/Timer0/Source/Timer0.o
 .text.TIMER0_OFF
                0x00000000       0x14 MCAL/Timer0/Source/Timer0.o
 .text.TIMER0_OCR0_SetValue
                0x00000000        0x4 MCAL/Timer0/Source/Timer0.o
 .text.TIMER0_TCNT0_SetValue
                0x00000000        0x4 MCAL/Timer0/Source/Timer0.o
 .text.TIMER0_OverFlow_Interrupt_State
                0x00000000       0x18 MCAL/Timer0/Source/Timer0.o
 .text.TIMER0_OutputCompareMatch_Interrupt_State
                0x00000000       0x18 MCAL/Timer0/Source/Timer0.o
 .text.TIMER0_OverFlow_Flag_State
                0x00000000        0xe MCAL/Timer0/Source/Timer0.o
 .text.TIMER0_OutputCompareMatch_Flag_State
                0x00000000        0xe MCAL/Timer0/Source/Timer0.o
 .text.TIMER0_Clear_OverFlow_Flag
                0x00000000        0x8 MCAL/Timer0/Source/Timer0.o
 .text.TIMER0_Clear_OutputCompareMatch_Flag
                0x00000000        0x8 MCAL/Timer0/Source/Timer0.o
 .text.TIMER0_Prescaller_Reset
                0x00000000        0x8 MCAL/Timer0/Source/Timer0.o
 .text.DELAY_MS
                0x00000000       0x86 MCAL/Timer0/Source/Timer0.o
 .debug_info    0x00000000      0x4ca MCAL/Timer0/Source/Timer0.o
 .debug_abbrev  0x00000000      0x176 MCAL/Timer0/Source/Timer0.o
 .debug_loc     0x00000000      0x1b8 MCAL/Timer0/Source/Timer0.o
 .debug_aranges
                0x00000000       0x78 MCAL/Timer0/Source/Timer0.o
 .debug_ranges  0x00000000       0x68 MCAL/Timer0/Source/Timer0.o
 .debug_line    0x00000000      0x294 MCAL/Timer0/Source/Timer0.o
 .debug_str     0x00000000      0x6f1 MCAL/Timer0/Source/Timer0.o
 .comment       0x00000000       0x31 MCAL/Timer0/Source/Timer0.o
 .debug_frame   0x00000000      0x10c MCAL/Timer0/Source/Timer0.o
 .text          0x00000000        0x0 MCAL/Timer1/Source/Timer1.o
 .data          0x00000000        0x0 MCAL/Timer1/Source/Timer1.o
 .bss           0x00000000        0x0 MCAL/Timer1/Source/Timer1.o
 .text.TIMER1_Init
                0x00000000      0x1d2 MCAL/Timer1/Source/Timer1.o
 .progmem.gcc_sw_table.TIMER1_Init
                0x00000000       0x20 MCAL/Timer1/Source/Timer1.o
 .text.TIMER1_OCR1A_SetValue
                0x00000000        0x4 MCAL/Timer1/Source/Timer1.o
 .text.TIMER1_OCR1B_SetValue
                0x00000000        0x4 MCAL/Timer1/Source/Timer1.o
 .text.TIMER1_ICR1_SetValue
                0x00000000        0x4 MCAL/Timer1/Source/Timer1.o
 .text.TIMER1_TCNT1_SetValue
                0x00000000        0x6 MCAL/Timer1/Source/Timer1.o
 .debug_info    0x00000000      0x435 MCAL/Timer1/Source/Timer1.o
 .debug_abbrev  0x00000000       0xf7 MCAL/Timer1/Source/Timer1.o
 .debug_loc     0x00000000      0x1e8 MCAL/Timer1/Source/Timer1.o
 .debug_aranges
                0x00000000       0x40 MCAL/Timer1/Source/Timer1.o
 .debug_ranges  0x00000000       0x30 MCAL/Timer1/Source/Timer1.o
 .debug_line    0x00000000      0x2be MCAL/Timer1/Source/Timer1.o
 .debug_str     0x00000000      0x572 MCAL/Timer1/Source/Timer1.o
 .comment       0x00000000       0x31 MCAL/Timer1/Source/Timer1.o
 .debug_frame   0x00000000       0x64 MCAL/Timer1/Source/Timer1.o
 .text          0x00000000        0x0 MCAL/Timer2/Source/Timer2.o
 .data          0x00000000        0x0 MCAL/Timer2/Source/Timer2.o
 .bss           0x00000000        0x0 MCAL/Timer2/Source/Timer2.o
 .text.TIMER2_Init
                0x00000000       0x96 MCAL/Timer2/Source/Timer2.o
 .text.TIMER2_OFF
                0x00000000       0x14 MCAL/Timer2/Source/Timer2.o
 .text.TIMER2_OCR2_SetValue
                0x00000000        0x4 MCAL/Timer2/Source/Timer2.o
 .text.TIMER2_TCNT2_SetValue
                0x00000000        0x4 MCAL/Timer2/Source/Timer2.o
 .text.TIMER2_OverFlow_Interrupt_State
                0x00000000       0x18 MCAL/Timer2/Source/Timer2.o
 .text.TIMER2_OutputCompareMatch_Interrupt_State
                0x00000000       0x18 MCAL/Timer2/Source/Timer2.o
 .text.TIMER2_OverFlow_Flag_State
                0x00000000        0xe MCAL/Timer2/Source/Timer2.o
 .text.TIMER2_OutputCompareMatch_Flag_State
                0x00000000        0xe MCAL/Timer2/Source/Timer2.o
 .text.TIMER2_Clear_OverFlow_Flag
                0x00000000        0x8 MCAL/Timer2/Source/Timer2.o
 .text.TIMER2_Clear_OutputCompareMatch_Flag
                0x00000000        0x8 MCAL/Timer2/Source/Timer2.o
 .text.TIMER2_Prescaller_Reset
                0x00000000        0x8 MCAL/Timer2/Source/Timer2.o
 .text.TIMER2_GET_TCNT0_UPDATE_State
                0x00000000        0xa MCAL/Timer2/Source/Timer2.o
 .text.TIMER2_GET_TCCR0_UPDATE_State
                0x00000000        0x6 MCAL/Timer2/Source/Timer2.o
 .text.TIMER2_GET_OCR0_UPDATE_State
                0x00000000        0x8 MCAL/Timer2/Source/Timer2.o
 .debug_info    0x00000000      0x4e3 MCAL/Timer2/Source/Timer2.o
 .debug_abbrev  0x00000000      0x11c MCAL/Timer2/Source/Timer2.o
 .debug_loc     0x00000000       0x9c MCAL/Timer2/Source/Timer2.o
 .debug_aranges
                0x00000000       0x88 MCAL/Timer2/Source/Timer2.o
 .debug_ranges  0x00000000       0x78 MCAL/Timer2/Source/Timer2.o
 .debug_line    0x00000000      0x28d MCAL/Timer2/Source/Timer2.o
 .debug_str     0x00000000      0x7bc MCAL/Timer2/Source/Timer2.o
 .comment       0x00000000       0x31 MCAL/Timer2/Source/Timer2.o
 .debug_frame   0x00000000       0xf4 MCAL/Timer2/Source/Timer2.o
 .text          0x00000000        0x0 MCAL/TWI/Source/TWI.o
 .data          0x00000000        0x0 MCAL/TWI/Source/TWI.o
 .bss           0x00000000        0x0 MCAL/TWI/Source/TWI.o
 .text.TWI_Init
                0x00000000       0x76 MCAL/TWI/Source/TWI.o
 .text.TWI_Status
                0x00000000        0xa MCAL/TWI/Source/TWI.o
 .text.TWI_Start
                0x00000000       0x2a MCAL/TWI/Source/TWI.o
 .text.TWI_Send
                0x00000000       0x2a MCAL/TWI/Source/TWI.o
 .text.TWI_Read_Ack
                0x00000000       0x30 MCAL/TWI/Source/TWI.o
 .text.TWI_Read_NAck
                0x00000000       0x30 MCAL/TWI/Source/TWI.o
 .text.TWI_Stop
                0x00000000       0x20 MCAL/TWI/Source/TWI.o
 .debug_info    0x00000000      0x3db MCAL/TWI/Source/TWI.o
 .debug_abbrev  0x00000000      0x164 MCAL/TWI/Source/TWI.o
 .debug_loc     0x00000000      0x181 MCAL/TWI/Source/TWI.o
 .debug_aranges
                0x00000000       0x50 MCAL/TWI/Source/TWI.o
 .debug_ranges  0x00000000       0x40 MCAL/TWI/Source/TWI.o
 .debug_line    0x00000000      0x225 MCAL/TWI/Source/TWI.o
 .debug_str     0x00000000      0x395 MCAL/TWI/Source/TWI.o
 .comment       0x00000000       0x31 MCAL/TWI/Source/TWI.o
 .debug_frame   0x00000000       0xa0 MCAL/TWI/Source/TWI.o
 .text          0x00000000        0x0 MCAL/UART/Source/UART.o
 .data          0x00000000        0x0 MCAL/UART/Source/UART.o
 .bss           0x00000000        0x0 MCAL/UART/Source/UART.o
 .text.UART_Init
                0x00000000      0x122 MCAL/UART/Source/UART.o
 .text.UART_Transmet
                0x00000000        0x8 MCAL/UART/Source/UART.o
 .text.UART_TransmetString
                0x00000000       0x26 MCAL/UART/Source/UART.o
 .text.UART_TransmetStrucr
                0x00000000       0x52 MCAL/UART/Source/UART.o
 .text.UART_Receive
                0x00000000        0x8 MCAL/UART/Source/UART.o
 .debug_info    0x00000000      0x694 MCAL/UART/Source/UART.o
 .debug_abbrev  0x00000000      0x16b MCAL/UART/Source/UART.o
 .debug_loc     0x00000000      0x29a MCAL/UART/Source/UART.o
 .debug_aranges
                0x00000000       0x40 MCAL/UART/Source/UART.o
 .debug_ranges  0x00000000       0x30 MCAL/UART/Source/UART.o
 .debug_line    0x00000000      0x1c8 MCAL/UART/Source/UART.o
 .debug_str     0x00000000      0x754 MCAL/UART/Source/UART.o
 .comment       0x00000000       0x31 MCAL/UART/Source/UART.o
 .debug_frame   0x00000000       0xb4 MCAL/UART/Source/UART.o
 .text          0x00000000        0x0 Port/Source/port.o
 .data          0x00000000        0x0 Port/Source/port.o
 .bss           0x00000000        0x0 Port/Source/port.o
 .text.prvSetupTimerInterrupt
                0x00000000       0x12 Port/Source/port.o
 .text.pxPortInitialiseStack
                0x00000000       0xd8 Port/Source/port.o
 .text.xPortStartScheduler
                0x00000000       0x5e Port/Source/port.o
 .text.vPortEndScheduler
                0x00000000        0x2 Port/Source/port.o
 .text.vPortYield
                0x00000000       0xb2 Port/Source/port.o
 .text          0x00000000        0x0 c:/program files (x86)/atmel/studio/7.0/toolchain/avr8/avr8-gnu-toolchain/bin/../lib/gcc/avr/5.4.0/../../../../avr/lib/avr5\libm.a(addsf3.o)
 .data          0x00000000        0x0 c:/program files (x86)/atmel/studio/7.0/toolchain/avr8/avr8-gnu-toolchain/bin/../lib/gcc/avr/5.4.0/../../../../avr/lib/avr5\libm.a(addsf3.o)
 .bss           0x00000000        0x0 c:/program files (x86)/atmel/studio/7.0/toolchain/avr8/avr8-gnu-toolchain/bin/../lib/gcc/avr/5.4.0/../../../../avr/lib/avr5\libm.a(addsf3.o)
 .text.avr-libc.fplib
                0x00000000        0xe c:/program files (x86)/atmel/studio/7.0/toolchain/avr8/avr8-gnu-toolchain/bin/../lib/gcc/avr/5.4.0/../../../../avr/lib/avr5\libm.a(addsf3.o)
 .text          0x00000000        0x0 c:/program files (x86)/atmel/studio/7.0/toolchain/avr8/avr8-gnu-toolchain/bin/../lib/gcc/avr/5.4.0/../../../../avr/lib/avr5\libm.a(addsf3x.o)
 .data          0x00000000        0x0 c:/program files (x86)/atmel/studio/7.0/toolchain/avr8/avr8-gnu-toolchain/bin/../lib/gcc/avr/5.4.0/../../../../avr/lib/avr5\libm.a(addsf3x.o)
 .bss           0x00000000        0x0 c:/program files (x86)/atmel/studio/7.0/toolchain/avr8/avr8-gnu-toolchain/bin/../lib/gcc/avr/5.4.0/../../../../avr/lib/avr5\libm.a(addsf3x.o)
 .text.avr-libc.fplib
                0x00000000       0xcc c:/program files (x86)/atmel/studio/7.0/toolchain/avr8/avr8-gnu-toolchain/bin/../lib/gcc/avr/5.4.0/../../../../avr/lib/avr5\libm.a(addsf3x.o)
 .text          0x00000000        0x0 c:/program files (x86)/atmel/studio/7.0/toolchain/avr8/avr8-gnu-toolchain/bin/../lib/gcc/avr/5.4.0/../../../../avr/lib/avr5\libm.a(cmpsf2.o)
 .data          0x00000000        0x0 c:/program files (x86)/atmel/studio/7.0/toolchain/avr8/avr8-gnu-toolchain/bin/../lib/gcc/avr/5.4.0/../../../../avr/lib/avr5\libm.a(cmpsf2.o)
 .bss           0x00000000        0x0 c:/program files (x86)/atmel/studio/7.0/toolchain/avr8/avr8-gnu-toolchain/bin/../lib/gcc/avr/5.4.0/../../../../avr/lib/avr5\libm.a(cmpsf2.o)
 .text.avr-libc.fplib
                0x00000000        0xa c:/program files (x86)/atmel/studio/7.0/toolchain/avr8/avr8-gnu-toolchain/bin/../lib/gcc/avr/5.4.0/../../../../avr/lib/avr5\libm.a(cmpsf2.o)
 .text          0x00000000        0x0 c:/program files (x86)/atmel/studio/7.0/toolchain/avr8/avr8-gnu-toolchain/bin/../lib/gcc/avr/5.4.0/../../../../avr/lib/avr5\libm.a(divsf3.o)
 .data          0x00000000        0x0 c:/program files (x86)/atmel/studio/7.0/toolchain/avr8/avr8-gnu-toolchain/bin/../lib/gcc/avr/5.4.0/../../../../avr/lib/avr5\libm.a(divsf3.o)
 .bss           0x00000000        0x0 c:/program files (x86)/atmel/studio/7.0/toolchain/avr8/avr8-gnu-toolchain/bin/../lib/gcc/avr/5.4.0/../../../../avr/lib/avr5\libm.a(divsf3.o)
 .text.avr-libc.fplib
                0x00000000        0x8 c:/program files (x86)/atmel/studio/7.0/toolchain/avr8/avr8-gnu-toolchain/bin/../lib/gcc/avr/5.4.0/../../../../avr/lib/avr5\libm.a(divsf3.o)
 .text          0x00000000        0x0 c:/program files (x86)/atmel/studio/7.0/toolchain/avr8/avr8-gnu-toolchain/bin/../lib/gcc/avr/5.4.0/../../../../avr/lib/avr5\libm.a(divsf3x.o)
 .data          0x00000000        0x0 c:/program files (x86)/atmel/studio/7.0/toolchain/avr8/avr8-gnu-toolchain/bin/../lib/gcc/avr/5.4.0/../../../../avr/lib/avr5\libm.a(divsf3x.o)
 .bss           0x00000000        0x0 c:/program files (x86)/atmel/studio/7.0/toolchain/avr8/avr8-gnu-toolchain/bin/../lib/gcc/avr/5.4.0/../../../../avr/lib/avr5\libm.a(divsf3x.o)
 .text.avr-libc.fplib
                0x00000000       0xdc c:/program files (x86)/atmel/studio/7.0/toolchain/avr8/avr8-gnu-toolchain/bin/../lib/gcc/avr/5.4.0/../../../../avr/lib/avr5\libm.a(divsf3x.o)
 .text          0x00000000        0x0 c:/program files (x86)/atmel/studio/7.0/toolchain/avr8/avr8-gnu-toolchain/bin/../lib/gcc/avr/5.4.0/../../../../avr/lib/avr5\libm.a(fixunssfsi.o)
 .data          0x00000000        0x0 c:/program files (x86)/atmel/studio/7.0/toolchain/avr8/avr8-gnu-toolchain/bin/../lib/gcc/avr/5.4.0/../../../../avr/lib/avr5\libm.a(fixunssfsi.o)
 .bss           0x00000000        0x0 c:/program files (x86)/atmel/studio/7.0/toolchain/avr8/avr8-gnu-toolchain/bin/../lib/gcc/avr/5.4.0/../../../../avr/lib/avr5\libm.a(fixunssfsi.o)
 .text.avr-libc.fplib
                0x00000000       0x5e c:/program files (x86)/atmel/studio/7.0/toolchain/avr8/avr8-gnu-toolchain/bin/../lib/gcc/avr/5.4.0/../../../../avr/lib/avr5\libm.a(fixunssfsi.o)
 .text          0x00000000        0x0 c:/program files (x86)/atmel/studio/7.0/toolchain/avr8/avr8-gnu-toolchain/bin/../lib/gcc/avr/5.4.0/../../../../avr/lib/avr5\libm.a(floatsisf.o)
 .data          0x00000000        0x0 c:/program files (x86)/atmel/studio/7.0/toolchain/avr8/avr8-gnu-toolchain/bin/../lib/gcc/avr/5.4.0/../../../../avr/lib/avr5\libm.a(floatsisf.o)
 .bss           0x00000000        0x0 c:/program files (x86)/atmel/studio/7.0/toolchain/avr8/avr8-gnu-toolchain/bin/../lib/gcc/avr/5.4.0/../../../../avr/lib/avr5\libm.a(floatsisf.o)
 .text.avr-libc.fplib
                0x00000000       0x7a c:/program files (x86)/atmel/studio/7.0/toolchain/avr8/avr8-gnu-toolchain/bin/../lib/gcc/avr/5.4.0/../../../../avr/lib/avr5\libm.a(floatsisf.o)
 .text          0x00000000        0x0 c:/program files (x86)/atmel/studio/7.0/toolchain/avr8/avr8-gnu-toolchain/bin/../lib/gcc/avr/5.4.0/../../../../avr/lib/avr5\libm.a(fp_cmp.o)
 .data          0x00000000        0x0 c:/program files (x86)/atmel/studio/7.0/toolchain/avr8/avr8-gnu-toolchain/bin/../lib/gcc/avr/5.4.0/../../../../avr/lib/avr5\libm.a(fp_cmp.o)
 .bss           0x00000000        0x0 c:/program files (x86)/atmel/studio/7.0/toolchain/avr8/avr8-gnu-toolchain/bin/../lib/gcc/avr/5.4.0/../../../../avr/lib/avr5\libm.a(fp_cmp.o)
 .text.avr-libc.fplib
                0x00000000       0x48 c:/program files (x86)/atmel/studio/7.0/toolchain/avr8/avr8-gnu-toolchain/bin/../lib/gcc/avr/5.4.0/../../../../avr/lib/avr5\libm.a(fp_cmp.o)
 .text          0x00000000        0x0 c:/program files (x86)/atmel/studio/7.0/toolchain/avr8/avr8-gnu-toolchain/bin/../lib/gcc/avr/5.4.0/../../../../avr/lib/avr5\libm.a(fp_inf.o)
 .data          0x00000000        0x0 c:/program files (x86)/atmel/studio/7.0/toolchain/avr8/avr8-gnu-toolchain/bin/../lib/gcc/avr/5.4.0/../../../../avr/lib/avr5\libm.a(fp_inf.o)
 .bss           0x00000000        0x0 c:/program files (x86)/atmel/studio/7.0/toolchain/avr8/avr8-gnu-toolchain/bin/../lib/gcc/avr/5.4.0/../../../../avr/lib/avr5\libm.a(fp_inf.o)
 .text.avr-libc.fplib
                0x00000000        0xc c:/program files (x86)/atmel/studio/7.0/toolchain/avr8/avr8-gnu-toolchain/bin/../lib/gcc/avr/5.4.0/../../../../avr/lib/avr5\libm.a(fp_inf.o)
 .text          0x00000000        0x0 c:/program files (x86)/atmel/studio/7.0/toolchain/avr8/avr8-gnu-toolchain/bin/../lib/gcc/avr/5.4.0/../../../../avr/lib/avr5\libm.a(fp_nan.o)
 .data          0x00000000        0x0 c:/program files (x86)/atmel/studio/7.0/toolchain/avr8/avr8-gnu-toolchain/bin/../lib/gcc/avr/5.4.0/../../../../avr/lib/avr5\libm.a(fp_nan.o)
 .bss           0x00000000        0x0 c:/program files (x86)/atmel/studio/7.0/toolchain/avr8/avr8-gnu-toolchain/bin/../lib/gcc/avr/5.4.0/../../../../avr/lib/avr5\libm.a(fp_nan.o)
 .text.avr-libc.fplib
                0x00000000        0x6 c:/program files (x86)/atmel/studio/7.0/toolchain/avr8/avr8-gnu-toolchain/bin/../lib/gcc/avr/5.4.0/../../../../avr/lib/avr5\libm.a(fp_nan.o)
 .text          0x00000000        0x0 c:/program files (x86)/atmel/studio/7.0/toolchain/avr8/avr8-gnu-toolchain/bin/../lib/gcc/avr/5.4.0/../../../../avr/lib/avr5\libm.a(fp_pscA.o)
 .data          0x00000000        0x0 c:/program files (x86)/atmel/studio/7.0/toolchain/avr8/avr8-gnu-toolchain/bin/../lib/gcc/avr/5.4.0/../../../../avr/lib/avr5\libm.a(fp_pscA.o)
 .bss           0x00000000        0x0 c:/program files (x86)/atmel/studio/7.0/toolchain/avr8/avr8-gnu-toolchain/bin/../lib/gcc/avr/5.4.0/../../../../avr/lib/avr5\libm.a(fp_pscA.o)
 .text.avr-libc.fplib
                0x00000000        0xe c:/program files (x86)/atmel/studio/7.0/toolchain/avr8/avr8-gnu-toolchain/bin/../lib/gcc/avr/5.4.0/../../../../avr/lib/avr5\libm.a(fp_pscA.o)
 .text          0x00000000        0x0 c:/program files (x86)/atmel/studio/7.0/toolchain/avr8/avr8-gnu-toolchain/bin/../lib/gcc/avr/5.4.0/../../../../avr/lib/avr5\libm.a(fp_pscB.o)
 .data          0x00000000        0x0 c:/program files (x86)/atmel/studio/7.0/toolchain/avr8/avr8-gnu-toolchain/bin/../lib/gcc/avr/5.4.0/../../../../avr/lib/avr5\libm.a(fp_pscB.o)
 .bss           0x00000000        0x0 c:/program files (x86)/atmel/studio/7.0/toolchain/avr8/avr8-gnu-toolchain/bin/../lib/gcc/avr/5.4.0/../../../../avr/lib/avr5\libm.a(fp_pscB.o)
 .text.avr-libc.fplib
                0x00000000        0xe c:/program files (x86)/atmel/studio/7.0/toolchain/avr8/avr8-gnu-toolchain/bin/../lib/gcc/avr/5.4.0/../../../../avr/lib/avr5\libm.a(fp_pscB.o)
 .text          0x00000000        0x0 c:/program files (x86)/atmel/studio/7.0/toolchain/avr8/avr8-gnu-toolchain/bin/../lib/gcc/avr/5.4.0/../../../../avr/lib/avr5\libm.a(fp_round.o)
 .data          0x00000000        0x0 c:/program files (x86)/atmel/studio/7.0/toolchain/avr8/avr8-gnu-toolchain/bin/../lib/gcc/avr/5.4.0/../../../../avr/lib/avr5\libm.a(fp_round.o)
 .bss           0x00000000        0x0 c:/program files (x86)/atmel/studio/7.0/toolchain/avr8/avr8-gnu-toolchain/bin/../lib/gcc/avr/5.4.0/../../../../avr/lib/avr5\libm.a(fp_round.o)
 .text.avr-libc.fplib
                0x00000000       0x22 c:/program files (x86)/atmel/studio/7.0/toolchain/avr8/avr8-gnu-toolchain/bin/../lib/gcc/avr/5.4.0/../../../../avr/lib/avr5\libm.a(fp_round.o)
 .text          0x00000000        0x0 c:/program files (x86)/atmel/studio/7.0/toolchain/avr8/avr8-gnu-toolchain/bin/../lib/gcc/avr/5.4.0/../../../../avr/lib/avr5\libm.a(fp_split3.o)
 .data          0x00000000        0x0 c:/program files (x86)/atmel/studio/7.0/toolchain/avr8/avr8-gnu-toolchain/bin/../lib/gcc/avr/5.4.0/../../../../avr/lib/avr5\libm.a(fp_split3.o)
 .bss           0x00000000        0x0 c:/program files (x86)/atmel/studio/7.0/toolchain/avr8/avr8-gnu-toolchain/bin/../lib/gcc/avr/5.4.0/../../../../avr/lib/avr5\libm.a(fp_split3.o)
 .text.avr-libc.fplib
                0x00000000       0x44 c:/program files (x86)/atmel/studio/7.0/toolchain/avr8/avr8-gnu-toolchain/bin/../lib/gcc/avr/5.4.0/../../../../avr/lib/avr5\libm.a(fp_split3.o)
 .text          0x00000000        0x0 c:/program files (x86)/atmel/studio/7.0/toolchain/avr8/avr8-gnu-toolchain/bin/../lib/gcc/avr/5.4.0/../../../../avr/lib/avr5\libm.a(fp_zero.o)
 .data          0x00000000        0x0 c:/program files (x86)/atmel/studio/7.0/toolchain/avr8/avr8-gnu-toolchain/bin/../lib/gcc/avr/5.4.0/../../../../avr/lib/avr5\libm.a(fp_zero.o)
 .bss           0x00000000        0x0 c:/program files (x86)/atmel/studio/7.0/toolchain/avr8/avr8-gnu-toolchain/bin/../lib/gcc/avr/5.4.0/../../../../avr/lib/avr5\libm.a(fp_zero.o)
 .text.avr-libc.fplib
                0x00000000        0xe c:/program files (x86)/atmel/studio/7.0/toolchain/avr8/avr8-gnu-toolchain/bin/../lib/gcc/avr/5.4.0/../../../../avr/lib/avr5\libm.a(fp_zero.o)
 .text          0x00000000        0x0 c:/program files (x86)/atmel/studio/7.0/toolchain/avr8/avr8-gnu-toolchain/bin/../lib/gcc/avr/5.4.0/../../../../avr/lib/avr5\libm.a(gesf2.o)
 .data          0x00000000        0x0 c:/program files (x86)/atmel/studio/7.0/toolchain/avr8/avr8-gnu-toolchain/bin/../lib/gcc/avr/5.4.0/../../../../avr/lib/avr5\libm.a(gesf2.o)
 .bss           0x00000000        0x0 c:/program files (x86)/atmel/studio/7.0/toolchain/avr8/avr8-gnu-toolchain/bin/../lib/gcc/avr/5.4.0/../../../../avr/lib/avr5\libm.a(gesf2.o)
 .text.avr-libc.fplib
                0x00000000        0xa c:/program files (x86)/atmel/studio/7.0/toolchain/avr8/avr8-gnu-toolchain/bin/../lib/gcc/avr/5.4.0/../../../../avr/lib/avr5\libm.a(gesf2.o)
 .text          0x00000000        0x0 c:/program files (x86)/atmel/studio/7.0/toolchain/avr8/avr8-gnu-toolchain/bin/../lib/gcc/avr/5.4.0/../../../../avr/lib/avr5\libm.a(mulsf3.o)
 .data          0x00000000        0x0 c:/program files (x86)/atmel/studio/7.0/toolchain/avr8/avr8-gnu-toolchain/bin/../lib/gcc/avr/5.4.0/../../../../avr/lib/avr5\libm.a(mulsf3.o)
 .bss           0x00000000        0x0 c:/program files (x86)/atmel/studio/7.0/toolchain/avr8/avr8-gnu-toolchain/bin/../lib/gcc/avr/5.4.0/../../../../avr/lib/avr5\libm.a(mulsf3.o)
 .text.avr-libc.fplib
                0x00000000        0x8 c:/program files (x86)/atmel/studio/7.0/toolchain/avr8/avr8-gnu-toolchain/bin/../lib/gcc/avr/5.4.0/../../../../avr/lib/avr5\libm.a(mulsf3.o)
 .text          0x00000000        0x0 c:/program files (x86)/atmel/studio/7.0/toolchain/avr8/avr8-gnu-toolchain/bin/../lib/gcc/avr/5.4.0/../../../../avr/lib/avr5\libm.a(mulsf3x.o)
 .data          0x00000000        0x0 c:/program files (x86)/atmel/studio/7.0/toolchain/avr8/avr8-gnu-toolchain/bin/../lib/gcc/avr/5.4.0/../../../../avr/lib/avr5\libm.a(mulsf3x.o)
 .bss           0x00000000        0x0 c:/program files (x86)/atmel/studio/7.0/toolchain/avr8/avr8-gnu-toolchain/bin/../lib/gcc/avr/5.4.0/../../../../avr/lib/avr5\libm.a(mulsf3x.o)
 .text.avr-libc.fplib
                0x00000000       0xd2 c:/program files (x86)/atmel/studio/7.0/toolchain/avr8/avr8-gnu-toolchain/bin/../lib/gcc/avr/5.4.0/../../../../avr/lib/avr5\libm.a(mulsf3x.o)
 .text          0x00000000        0x0 c:/program files (x86)/atmel/studio/7.0/toolchain/avr8/avr8-gnu-toolchain/bin/../lib/gcc/avr/5.4.0/avr5\libgcc.a(_udivmodhi4.o)
 .data          0x00000000        0x0 c:/program files (x86)/atmel/studio/7.0/toolchain/avr8/avr8-gnu-toolchain/bin/../lib/gcc/avr/5.4.0/avr5\libgcc.a(_udivmodhi4.o)
 .bss           0x00000000        0x0 c:/program files (x86)/atmel/studio/7.0/toolchain/avr8/avr8-gnu-toolchain/bin/../lib/gcc/avr/5.4.0/avr5\libgcc.a(_udivmodhi4.o)
 .text.libgcc.mul
                0x00000000        0x0 c:/program files (x86)/atmel/studio/7.0/toolchain/avr8/avr8-gnu-toolchain/bin/../lib/gcc/avr/5.4.0/avr5\libgcc.a(_udivmodhi4.o)
 .text.libgcc.div
                0x00000000       0x28 c:/program files (x86)/atmel/studio/7.0/toolchain/avr8/avr8-gnu-toolchain/bin/../lib/gcc/avr/5.4.0/avr5\libgcc.a(_udivmodhi4.o)
 .text.libgcc   0x00000000        0x0 c:/program files (x86)/atmel/studio/7.0/toolchain/avr8/avr8-gnu-toolchain/bin/../lib/gcc/avr/5.4.0/avr5\libgcc.a(_udivmodhi4.o)
 .text.libgcc.prologue
                0x00000000        0x0 c:/program files (x86)/atmel/studio/7.0/toolchain/avr8/avr8-gnu-toolchain/bin/../lib/gcc/avr/5.4.0/avr5\libgcc.a(_udivmodhi4.o)
 .text.libgcc.builtins
                0x00000000        0x0 c:/program files (x86)/atmel/studio/7.0/toolchain/avr8/avr8-gnu-toolchain/bin/../lib/gcc/avr/5.4.0/avr5\libgcc.a(_udivmodhi4.o)
 .text.libgcc.fmul
                0x00000000        0x0 c:/program files (x86)/atmel/studio/7.0/toolchain/avr8/avr8-gnu-toolchain/bin/../lib/gcc/avr/5.4.0/avr5\libgcc.a(_udivmodhi4.o)
 .text.libgcc.fixed
                0x00000000        0x0 c:/program files (x86)/atmel/studio/7.0/toolchain/avr8/avr8-gnu-toolchain/bin/../lib/gcc/avr/5.4.0/avr5\libgcc.a(_udivmodhi4.o)
 .text          0x00000000        0x0 c:/program files (x86)/atmel/studio/7.0/toolchain/avr8/avr8-gnu-toolchain/bin/../lib/gcc/avr/5.4.0/avr5\libgcc.a(_udivmodsi4.o)
 .data          0x00000000        0x0 c:/program files (x86)/atmel/studio/7.0/toolchain/avr8/avr8-gnu-toolchain/bin/../lib/gcc/avr/5.4.0/avr5\libgcc.a(_udivmodsi4.o)
 .bss           0x00000000        0x0 c:/program files (x86)/atmel/studio/7.0/toolchain/avr8/avr8-gnu-toolchain/bin/../lib/gcc/avr/5.4.0/avr5\libgcc.a(_udivmodsi4.o)
 .text.libgcc.mul
                0x00000000        0x0 c:/program files (x86)/atmel/studio/7.0/toolchain/avr8/avr8-gnu-toolchain/bin/../lib/gcc/avr/5.4.0/avr5\libgcc.a(_udivmodsi4.o)
 .text.libgcc.div
                0x00000000       0x44 c:/program files (x86)/atmel/studio/7.0/toolchain/avr8/avr8-gnu-toolchain/bin/../lib/gcc/avr/5.4.0/avr5\libgcc.a(_udivmodsi4.o)
 .text.libgcc   0x00000000        0x0 c:/program files (x86)/atmel/studio/7.0/toolchain/avr8/avr8-gnu-toolchain/bin/../lib/gcc/avr/5.4.0/avr5\libgcc.a(_udivmodsi4.o)
 .text.libgcc.prologue
                0x00000000        0x0 c:/program files (x86)/atmel/studio/7.0/toolchain/avr8/avr8-gnu-toolchain/bin/../lib/gcc/avr/5.4.0/avr5\libgcc.a(_udivmodsi4.o)
 .text.libgcc.builtins
                0x00000000        0x0 c:/program files (x86)/atmel/studio/7.0/toolchain/avr8/avr8-gnu-toolchain/bin/../lib/gcc/avr/5.4.0/avr5\libgcc.a(_udivmodsi4.o)
 .text.libgcc.fmul
                0x00000000        0x0 c:/program files (x86)/atmel/studio/7.0/toolchain/avr8/avr8-gnu-toolchain/bin/../lib/gcc/avr/5.4.0/avr5\libgcc.a(_udivmodsi4.o)
 .text.libgcc.fixed
                0x00000000        0x0 c:/program files (x86)/atmel/studio/7.0/toolchain/avr8/avr8-gnu-toolchain/bin/../lib/gcc/avr/5.4.0/avr5\libgcc.a(_udivmodsi4.o)
 .text          0x00000000        0x0 c:/program files (x86)/atmel/studio/7.0/toolchain/avr8/avr8-gnu-toolchain/bin/../lib/gcc/avr/5.4.0/avr5\libgcc.a(_exit.o)
 .data          0x00000000        0x0 c:/program files (x86)/atmel/studio/7.0/toolchain/avr8/avr8-gnu-toolchain/bin/../lib/gcc/avr/5.4.0/avr5\libgcc.a(_exit.o)
 .bss           0x00000000        0x0 c:/program files (x86)/atmel/studio/7.0/toolchain/avr8/avr8-gnu-toolchain/bin/../lib/gcc/avr/5.4.0/avr5\libgcc.a(_exit.o)
 .text.libgcc.mul
                0x00000000        0x0 c:/program files (x86)/atmel/studio/7.0/toolchain/avr8/avr8-gnu-toolchain/bin/../lib/gcc/avr/5.4.0/avr5\libgcc.a(_exit.o)
 .text.libgcc.div
                0x00000000        0x0 c:/program files (x86)/atmel/studio/7.0/toolchain/avr8/avr8-gnu-toolchain/bin/../lib/gcc/avr/5.4.0/avr5\libgcc.a(_exit.o)
 .text.libgcc   0x00000000        0x0 c:/program files (x86)/atmel/studio/7.0/toolchain/avr8/avr8-gnu-toolchain/bin/../lib/gcc/avr/5.4.0/avr5\libgcc.a(_exit.o)
 .text.libgcc.prologue
                0x00000000        0x0 c:/program files (x86)/atmel/studio/7.0/toolchain/avr8/avr8-gnu-toolchain/bin/../lib/gcc/avr/5.4.0/avr5\libgcc.a(_exit.o)
 .text.libgcc.builtins
                0x00000000        0x0 c:/program files (x86)/atmel/studio/7.0/toolchain/avr8/avr8-gnu-toolchain/bin/../lib/gcc/avr/5.4.0/avr5\libgcc.a(_exit.o)
 .text.libgcc.fmul
                0x00000000        0x0 c:/program files (x86)/atmel/studio/7.0/toolchain/avr8/avr8-gnu-toolchain/bin/../lib/gcc/avr/5.4.0/avr5\libgcc.a(_exit.o)
 .text.libgcc.fixed
                0x00000000        0x0 c:/program files (x86)/atmel/studio/7.0/toolchain/avr8/avr8-gnu-toolchain/bin/../lib/gcc/avr/5.4.0/avr5\libgcc.a(_exit.o)
 .text          0x00000000        0x0 c:/program files (x86)/atmel/studio/7.0/toolchain/avr8/avr8-gnu-toolchain/bin/../lib/gcc/avr/5.4.0/avr5\libgcc.a(_tablejump2.o)
 .data          0x00000000        0x0 c:/program files (x86)/atmel/studio/7.0/toolchain/avr8/avr8-gnu-toolchain/bin/../lib/gcc/avr/5.4.0/avr5\libgcc.a(_tablejump2.o)
 .bss           0x00000000        0x0 c:/program files (x86)/atmel/studio/7.0/toolchain/avr8/avr8-gnu-toolchain/bin/../lib/gcc/avr/5.4.0/avr5\libgcc.a(_tablejump2.o)
 .text.libgcc.mul
                0x00000000        0x0 c:/program files (x86)/atmel/studio/7.0/toolchain/avr8/avr8-gnu-toolchain/bin/../lib/gcc/avr/5.4.0/avr5\libgcc.a(_tablejump2.o)
 .text.libgcc.div
                0x00000000        0x0 c:/program files (x86)/atmel/studio/7.0/toolchain/avr8/avr8-gnu-toolchain/bin/../lib/gcc/avr/5.4.0/avr5\libgcc.a(_tablejump2.o)
 .text.libgcc   0x00000000        0xc c:/program files (x86)/atmel/studio/7.0/toolchain/avr8/avr8-gnu-toolchain/bin/../lib/gcc/avr/5.4.0/avr5\libgcc.a(_tablejump2.o)
 .text.libgcc.prologue
                0x00000000        0x0 c:/program files (x86)/atmel/studio/7.0/toolchain/avr8/avr8-gnu-toolchain/bin/../lib/gcc/avr/5.4.0/avr5\libgcc.a(_tablejump2.o)
 .text.libgcc.builtins
                0x00000000        0x0 c:/program files (x86)/atmel/studio/7.0/toolchain/avr8/avr8-gnu-toolchain/bin/../lib/gcc/avr/5.4.0/avr5\libgcc.a(_tablejump2.o)
 .text.libgcc.fmul
                0x00000000        0x0 c:/program files (x86)/atmel/studio/7.0/toolchain/avr8/avr8-gnu-toolchain/bin/../lib/gcc/avr/5.4.0/avr5\libgcc.a(_tablejump2.o)
 .text.libgcc.fixed
                0x00000000        0x0 c:/program files (x86)/atmel/studio/7.0/toolchain/avr8/avr8-gnu-toolchain/bin/../lib/gcc/avr/5.4.0/avr5\libgcc.a(_tablejump2.o)
 .text          0x00000000        0x0 c:/program files (x86)/atmel/studio/7.0/toolchain/avr8/avr8-gnu-toolchain/bin/../lib/gcc/avr/5.4.0/avr5\libgcc.a(_copy_data.o)
 .data          0x00000000        0x0 c:/program files (x86)/atmel/studio/7.0/toolchain/avr8/avr8-gnu-toolchain/bin/../lib/gcc/avr/5.4.0/avr5\libgcc.a(_copy_data.o)
 .bss           0x00000000        0x0 c:/program files (x86)/atmel/studio/7.0/toolchain/avr8/avr8-gnu-toolchain/bin/../lib/gcc/avr/5.4.0/avr5\libgcc.a(_copy_data.o)
 .text.libgcc.mul
                0x00000000        0x0 c:/program files (x86)/atmel/studio/7.0/toolchain/avr8/avr8-gnu-toolchain/bin/../lib/gcc/avr/5.4.0/avr5\libgcc.a(_copy_data.o)
 .text.libgcc.div
                0x00000000        0x0 c:/program files (x86)/atmel/studio/7.0/toolchain/avr8/avr8-gnu-toolchain/bin/../lib/gcc/avr/5.4.0/avr5\libgcc.a(_copy_data.o)
 .text.libgcc   0x00000000        0x0 c:/program files (x86)/atmel/studio/7.0/toolchain/avr8/avr8-gnu-toolchain/bin/../lib/gcc/avr/5.4.0/avr5\libgcc.a(_copy_data.o)
 .text.libgcc.prologue
                0x00000000        0x0 c:/program files (x86)/atmel/studio/7.0/toolchain/avr8/avr8-gnu-toolchain/bin/../lib/gcc/avr/5.4.0/avr5\libgcc.a(_copy_data.o)
 .text.libgcc.builtins
                0x00000000        0x0 c:/program files (x86)/atmel/studio/7.0/toolchain/avr8/avr8-gnu-toolchain/bin/../lib/gcc/avr/5.4.0/avr5\libgcc.a(_copy_data.o)
 .text.libgcc.fmul
                0x00000000        0x0 c:/program files (x86)/atmel/studio/7.0/toolchain/avr8/avr8-gnu-toolchain/bin/../lib/gcc/avr/5.4.0/avr5\libgcc.a(_copy_data.o)
 .text.libgcc.fixed
                0x00000000        0x0 c:/program files (x86)/atmel/studio/7.0/toolchain/avr8/avr8-gnu-toolchain/bin/../lib/gcc/avr/5.4.0/avr5\libgcc.a(_copy_data.o)
 .text          0x00000000        0x0 c:/program files (x86)/atmel/studio/7.0/toolchain/avr8/avr8-gnu-toolchain/bin/../lib/gcc/avr/5.4.0/avr5\libgcc.a(_clear_bss.o)
 .data          0x00000000        0x0 c:/program files (x86)/atmel/studio/7.0/toolchain/avr8/avr8-gnu-toolchain/bin/../lib/gcc/avr/5.4.0/avr5\libgcc.a(_clear_bss.o)
 .bss           0x00000000        0x0 c:/program files (x86)/atmel/studio/7.0/toolchain/avr8/avr8-gnu-toolchain/bin/../lib/gcc/avr/5.4.0/avr5\libgcc.a(_clear_bss.o)
 .text.libgcc.mul
                0x00000000        0x0 c:/program files (x86)/atmel/studio/7.0/toolchain/avr8/avr8-gnu-toolchain/bin/../lib/gcc/avr/5.4.0/avr5\libgcc.a(_clear_bss.o)
 .text.libgcc.div
                0x00000000        0x0 c:/program files (x86)/atmel/studio/7.0/toolchain/avr8/avr8-gnu-toolchain/bin/../lib/gcc/avr/5.4.0/avr5\libgcc.a(_clear_bss.o)
 .text.libgcc   0x00000000        0x0 c:/program files (x86)/atmel/studio/7.0/toolchain/avr8/avr8-gnu-toolchain/bin/../lib/gcc/avr/5.4.0/avr5\libgcc.a(_clear_bss.o)
 .text.libgcc.prologue
                0x00000000        0x0 c:/program files (x86)/atmel/studio/7.0/toolchain/avr8/avr8-gnu-toolchain/bin/../lib/gcc/avr/5.4.0/avr5\libgcc.a(_clear_bss.o)
 .text.libgcc.builtins
                0x00000000        0x0 c:/program files (x86)/atmel/studio/7.0/toolchain/avr8/avr8-gnu-toolchain/bin/../lib/gcc/avr/5.4.0/avr5\libgcc.a(_clear_bss.o)
 .text.libgcc.fmul
                0x00000000        0x0 c:/program files (x86)/atmel/studio/7.0/toolchain/avr8/avr8-gnu-toolchain/bin/../lib/gcc/avr/5.4.0/avr5\libgcc.a(_clear_bss.o)
 .text.libgcc.fixed
                0x00000000        0x0 c:/program files (x86)/atmel/studio/7.0/toolchain/avr8/avr8-gnu-toolchain/bin/../lib/gcc/avr/5.4.0/avr5\libgcc.a(_clear_bss.o)
 .text          0x00000000        0x0 c:/program files (x86)/atmel/studio/7.0/toolchain/avr8/avr8-gnu-toolchain/bin/../lib/gcc/avr/5.4.0/../../../../avr/lib/avr5\libc.a(memcpy.o)
 .data          0x00000000        0x0 c:/program files (x86)/atmel/studio/7.0/toolchain/avr8/avr8-gnu-toolchain/bin/../lib/gcc/avr/5.4.0/../../../../avr/lib/avr5\libc.a(memcpy.o)
 .bss           0x00000000        0x0 c:/program files (x86)/atmel/studio/7.0/toolchain/avr8/avr8-gnu-toolchain/bin/../lib/gcc/avr/5.4.0/../../../../avr/lib/avr5\libc.a(memcpy.o)
 .text.avr-libc
                0x00000000       0x12 c:/program files (x86)/atmel/studio/7.0/toolchain/avr8/avr8-gnu-toolchain/bin/../lib/gcc/avr/5.4.0/../../../../avr/lib/avr5\libc.a(memcpy.o)
 .text          0x00000000        0x0 c:/program files (x86)/atmel/studio/7.0/toolchain/avr8/avr8-gnu-toolchain/bin/../lib/gcc/avr/5.4.0/../../../../avr/lib/avr5\libc.a(itoa_ncheck.o)
 .data          0x00000000        0x0 c:/program files (x86)/atmel/studio/7.0/toolchain/avr8/avr8-gnu-toolchain/bin/../lib/gcc/avr/5.4.0/../../../../avr/lib/avr5\libc.a(itoa_ncheck.o)
 .bss           0x00000000        0x0 c:/program files (x86)/atmel/studio/7.0/toolchain/avr8/avr8-gnu-toolchain/bin/../lib/gcc/avr/5.4.0/../../../../avr/lib/avr5\libc.a(itoa_ncheck.o)
 .text.avr-libc
                0x00000000       0x16 c:/program files (x86)/atmel/studio/7.0/toolchain/avr8/avr8-gnu-toolchain/bin/../lib/gcc/avr/5.4.0/../../../../avr/lib/avr5\libc.a(itoa_ncheck.o)
 .text          0x00000000        0x0 c:/program files (x86)/atmel/studio/7.0/toolchain/avr8/avr8-gnu-toolchain/bin/../lib/gcc/avr/5.4.0/../../../../avr/lib/avr5\libc.a(utoa_ncheck.o)
 .data          0x00000000        0x0 c:/program files (x86)/atmel/studio/7.0/toolchain/avr8/avr8-gnu-toolchain/bin/../lib/gcc/avr/5.4.0/../../../../avr/lib/avr5\libc.a(utoa_ncheck.o)
 .bss           0x00000000        0x0 c:/program files (x86)/atmel/studio/7.0/toolchain/avr8/avr8-gnu-toolchain/bin/../lib/gcc/avr/5.4.0/../../../../avr/lib/avr5\libc.a(utoa_ncheck.o)
 .text.avr-libc
                0x00000000       0x34 c:/program files (x86)/atmel/studio/7.0/toolchain/avr8/avr8-gnu-toolchain/bin/../lib/gcc/avr/5.4.0/../../../../avr/lib/avr5\libc.a(utoa_ncheck.o)
 .text          0x00000000        0x0 c:/program files (x86)/atmel/studio/7.0/toolchain/avr8/avr8-gnu-toolchain/bin/../lib/gcc/avr/5.4.0/../../../../avr/lib/avr5\libc.a(strrev.o)
 .data          0x00000000        0x0 c:/program files (x86)/atmel/studio/7.0/toolchain/avr8/avr8-gnu-toolchain/bin/../lib/gcc/avr/5.4.0/../../../../avr/lib/avr5\libc.a(strrev.o)
 .bss           0x00000000        0x0 c:/program files (x86)/atmel/studio/7.0/toolchain/avr8/avr8-gnu-toolchain/bin/../lib/gcc/avr/5.4.0/../../../../avr/lib/avr5\libc.a(strrev.o)
 .text.avr-libc
                0x00000000       0x20 c:/program files (x86)/atmel/studio/7.0/toolchain/avr8/avr8-gnu-toolchain/bin/../lib/gcc/avr/5.4.0/../../../../avr/lib/avr5\libc.a(strrev.o)

Memory Configuration

Name             Origin             Length             Attributes
text             0x00000000         0x00008000         xr
data             0x00800060         0x00000800         rw !x
eeprom           0x00810000         0x00000400         rw !x
fuse             0x00820000         0x00000002         rw !x
lock             0x00830000         0x00000400         rw !x
signature        0x00840000         0x00000400         rw !x
user_signatures  0x00850000         0x00000400         rw !x
*default*        0x00000000         0xffffffff

Linker script and memory map

LOAD C:/Program Files (x86)/Atmel/Studio/7.0/Packs/atmel/ATmega_DFP/1.7.374/gcc/dev/atmega32/avr5/crtatmega32.o
LOAD Application/Source/Application.o
LOAD FreeRTOS/Source/croutine.o
LOAD FreeRTOS/Source/event_groups.o
LOAD FreeRTOS/Source/heap_1.o
LOAD FreeRTOS/Source/list.o
LOAD FreeRTOS/Source/queue.o
LOAD FreeRTOS/Source/stream_buffer.o
LOAD FreeRTOS/Source/tasks.o
LOAD FreeRTOS/Source/timers.o
LOAD HAL/Bluetooth/Source/Bluetooth_UART.o
LOAD HAL/KeyPad/Source/KeyPad.o
LOAD HAL/LCD/Source/LCD.o
LOAD HAL/Potentiometer/Source/Potentiometer.o
LOAD HAL/SSD/Source/SSD.o
LOAD HAL/TIMER1_PWM/Source/TIMER1_PWM.o
LOAD main.o
LOAD MCAL/ADC/Source/ADC.o
LOAD MCAL/DIO/Source/DIO.o
LOAD MCAL/DIO/Source/DIO_Config.o
LOAD MCAL/EXT_Interrupt/Source/EXT_Interrupts.o
LOAD MCAL/G_Interrupt/Source/G_Interrupts.o
LOAD MCAL/SPI/Source/SPI.o
LOAD MCAL/Timer0/Source/Timer0.o
LOAD MCAL/Timer1/Source/Timer1.o
LOAD MCAL/Timer2/Source/Timer2.o
LOAD MCAL/TWI/Source/TWI.o
LOAD MCAL/UART/Source/UART.o
LOAD Port/Source/port.o
START GROUP
LOAD c:/program files (x86)/atmel/studio/7.0/toolchain/avr8/avr8-gnu-toolchain/bin/../lib/gcc/avr/5.4.0/../../../../avr/lib/avr5\libm.a
END GROUP
START GROUP
LOAD c:/program files (x86)/atmel/studio/7.0/toolchain/avr8/avr8-gnu-toolchain/bin/../lib/gcc/avr/5.4.0/avr5\libgcc.a
LOAD c:/program files (x86)/atmel/studio/7.0/toolchain/avr8/avr8-gnu-toolchain/bin/../lib/gcc/avr/5.4.0/../../../../avr/lib/avr5\libm.a
LOAD c:/program files (x86)/atmel/studio/7.0/toolchain/avr8/avr8-gnu-toolchain/bin/../lib/gcc/avr/5.4.0/../../../../avr/lib/avr5\libc.a
LOAD C:/Program Files (x86)/Atmel/Studio/7.0/Packs/atmel/ATmega_DFP/1.7.374/gcc/dev/atmega32/avr5\libatmega32.a
END GROUP
                0x00000000                __TEXT_REGION_ORIGIN__ = DEFINED (__TEXT_REGION_ORIGIN__)?__TEXT_REGION_ORIGIN__:0x0
                [0x00800060]                __DATA_REGION_ORIGIN__ = DEFINED (__DATA_REGION_ORIGIN__)?__DATA_REGION_ORIGIN__:0x800060
                [0x00008000]                __TEXT_REGION_LENGTH__ = DEFINED (__TEXT_REGION_LENGTH__)?__TEXT_REGION_LENGTH__:0x20000
                [0x00000800]                __DATA_REGION_LENGTH__ = DEFINED (__DATA_REGION_LENGTH__)?__DATA_REGION_LENGTH__:0xffa0
                [0x00000400]                __EEPROM_REGION_LENGTH__ = DEFINED (__EEPROM_REGION_LENGTH__)?__EEPROM_REGION_LENGTH__:0x10000
                [0x00000002]                __FUSE_REGION_LENGTH__ = DEFINED (__FUSE_REGION_LENGTH__)?__FUSE_REGION_LENGTH__:0x400
                0x00000400                __LOCK_REGION_LENGTH__ = DEFINED (__LOCK_REGION_LENGTH__)?__LOCK_REGION_LENGTH__:0x400
                0x00000400                __SIGNATURE_REGION_LENGTH__ = DEFINED (__SIGNATURE_REGION_LENGTH__)?__SIGNATURE_REGION_LENGTH__:0x400
                0x00000400                __USER_SIGNATURE_REGION_LENGTH__ = DEFINED (__USER_SIGNATURE_REGION_LENGTH__)?__USER_SIGNATURE_REGION_LENGTH__:0x400

.hash
 *(.hash)

.dynsym
 *(.dynsym)

.dynstr
 *(.dynstr)

.gnu.version
 *(.gnu.version)

.gnu.version_d
 *(.gnu.version_d)

.gnu.version_r
 *(.gnu.version_r)

.rel.init
 *(.rel.init)

.rela.init
 *(.rela.init)

.rel.text
 *(.rel.text)
 *(.rel.text.*)
 *(.rel.gnu.linkonce.t*)

.rela.text
 *(.rela.text)
 *(.rela.text.*)
 *(.rela.gnu.linkonce.t*)

.rel.fini
 *(.rel.fini)

.rela.fini
 *(.rela.fini)

.rel.rodata
 *(.rel.rodata)
 *(.rel.rodata.*)
 *(.rel.gnu.linkonce.r*)

.rela.rodata
 *(.rela.rodata)
 *(.rela.rodata.*)
 *(.rela.gnu.linkonce.r*)

.rel.data
 *(.rel.data)
 *(.rel.data.*)
 *(.rel.gnu.linkonce.d*)

.rela.data
 *(.rela.data)
 *(.rela.data.*)
 *(.rela.gnu.linkonce.d*)

.rel.ctors
 *(.rel.ctors)

.rela.ctors
 *(.rela.ctors)

.rel.dtors
 *(.rel.dtors)

.rela.dtors
 *(.rela.dtors)

.rel.got
 *(.rel.got)

.rela.got
 *(.rela.got)

.rel.bss
 *(.rel.bss)

.rela.bss
 *(.rela.bss)

.rel.plt
 *(.rel.plt)

.rela.plt
 *(.rela.plt)

.text           0x00000000      0x558
 *(.vectors)
 .vectors       0x00000000       0x54 C:/Program Files (x86)/Atmel/Studio/7.0/Packs/atmel/ATmega_DFP/1.7.374/gcc/dev/atmega32/avr5/crtatmega32.o
                0x00000000                __vector_default
                0x00000000                __vectors
 *(.vectors)
 *(.progmem.gcc*)
                0x00000054                . = ALIGN (0x2)
                0x00000054                __trampolines_start = .
 *(.trampolines)
 .trampolines   0x00000054        0x0 linker stubs
 *(.trampolines*)
                0x00000054                __trampolines_end = .
 *libprintf_flt.a:*(.progmem.data)
 *libc.a:*(.progmem.data)
 *(.progmem*)
                0x00000054                . = ALIGN (0x2)
 *(.jumptables)
 *(.jumptables*)
 *(.lowtext)
 *(.lowtext*)
                0x00000054                __ctors_start = .
 *(.ctors)
                0x00000054                __ctors_end = .
                0x00000054                __dtors_start = .
 *(.dtors)
                0x00000054                __dtors_end = .
 SORT(*)(.ctors)
 SORT(*)(.dtors)
 *(.init0)
 .init0         0x00000054        0x0 C:/Program Files (x86)/Atmel/Studio/7.0/Packs/atmel/ATmega_DFP/1.7.374/gcc/dev/atmega32/avr5/crtatmega32.o
                0x00000054                __init
 *(.init0)
 *(.init1)
 *(.init1)
 *(.init2)
 .init2         0x00000054        0xc C:/Program Files (x86)/Atmel/Studio/7.0/Packs/atmel/ATmega_DFP/1.7.374/gcc/dev/atmega32/avr5/crtatmega32.o
 *(.init2)
 *(.init3)
 *(.init3)
 *(.init4)
 .init4         0x00000060       0x16 c:/program files (x86)/atmel/studio/7.0/toolchain/avr8/avr8-gnu-toolchain/bin/../lib/gcc/avr/5.4.0/avr5\libgcc.a(_copy_data.o)
                0x00000060                __do_copy_data
 .init4         0x00000076       0x10 c:/program files (x86)/atmel/studio/7.0/toolchain/avr8/avr8-gnu-toolchain/bin/../lib/gcc/avr/5.4.0/avr5\libgcc.a(_clear_bss.o)
                0x00000076                __do_clear_bss
 *(.init4)
 *(.init5)
 *(.init5)
 *(.init6)
 *(.init6)
 *(.init7)
 *(.init7)
 *(.init8)
 *(.init8)
 *(.init9)
 .init9         0x00000086        0x8 C:/Program Files (x86)/Atmel/Studio/7.0/Packs/atmel/ATmega_DFP/1.7.374/gcc/dev/atmega32/avr5/crtatmega32.o
 *(.init9)
 *(.text)
 .text          0x0000008e        0x4 C:/Program Files (x86)/Atmel/Studio/7.0/Packs/atmel/ATmega_DFP/1.7.374/gcc/dev/atmega32/avr5/crtatmega32.o
                0x0000008e                __vector_12
                0x0000008e                __bad_interrupt
                0x0000008e                __vector_6
                0x0000008e                __vector_11
                0x0000008e                __vector_13
                0x0000008e                __vector_17
                0x0000008e                __vector_19
                0x0000008e                __vector_5
                0x0000008e                __vector_4
                0x0000008e                __vector_9
                0x0000008e                __vector_15
                0x0000008e                __vector_8
                0x0000008e                __vector_14
                0x0000008e                __vector_10
                0x0000008e                __vector_16
                0x0000008e                __vector_18
                0x0000008e                __vector_20
                0x00000092                . = ALIGN (0x2)
 *(.text.*)
 .text.prvResetNextTaskUnblockTime
                0x00000092       0x38 FreeRTOS/Source/tasks.o
 .text.xTaskIncrementTick
                0x000000ca      0x234 FreeRTOS/Source/tasks.o
                0x000000ca                xTaskIncrementTick
 .text.vTaskSwitchContext
                0x000002fe       0xa8 FreeRTOS/Source/tasks.o
                0x000002fe                vTaskSwitchContext
 .text.main     0x000003a6        0x6 main.o
                0x000003a6                main
 .text.__vector_1
                0x000003ac       0x4e MCAL/EXT_Interrupt/Source/EXT_Interrupts.o
                0x000003ac                __vector_1
 .text.__vector_2
                0x000003fa       0x4e MCAL/EXT_Interrupt/Source/EXT_Interrupts.o
                0x000003fa                __vector_2
 .text.__vector_3
                0x00000448       0x4e MCAL/EXT_Interrupt/Source/EXT_Interrupts.o
                0x00000448                __vector_3
 .text.vPortYieldFromTick
                0x00000496       0xb8 Port/Source/port.o
                0x00000496                vPortYieldFromTick
 .text.__vector_7
                0x0000054e        0x6 Port/Source/port.o
                0x0000054e                __vector_7
                0x00000554                . = ALIGN (0x2)
 *(.fini9)
 .fini9         0x00000554        0x0 c:/program files (x86)/atmel/studio/7.0/toolchain/avr8/avr8-gnu-toolchain/bin/../lib/gcc/avr/5.4.0/avr5\libgcc.a(_exit.o)
                0x00000554                _exit
                0x00000554                exit
 *(.fini9)
 *(.fini8)
 *(.fini8)
 *(.fini7)
 *(.fini7)
 *(.fini6)
 *(.fini6)
 *(.fini5)
 *(.fini5)
 *(.fini4)
 *(.fini4)
 *(.fini3)
 *(.fini3)
 *(.fini2)
 *(.fini2)
 *(.fini1)
 *(.fini1)
 *(.fini0)
 .fini0         0x00000554        0x4 c:/program files (x86)/atmel/studio/7.0/toolchain/avr8/avr8-gnu-toolchain/bin/../lib/gcc/avr/5.4.0/avr5\libgcc.a(_exit.o)
 *(.fini0)
                0x00000558                _etext = .

.data           0x00800060        0x0 load address 0x00000558
                0x00800060                PROVIDE (__data_start, .)
 *(.data)
 *(.data*)
 *(.gnu.linkonce.d*)
 *(.rodata)
 *(.rodata*)
 *(.gnu.linkonce.r*)
                0x00800060                . = ALIGN (0x2)
                0x00800060                _edata = .
                0x00800060                PROVIDE (__data_end, .)

.bss            0x00800060       0x3a
                0x00800060                PROVIDE (__bss_start, .)
 *(.bss)
 *(.bss*)
 .bss.uxSchedulerSuspended
                0x00800060        0x1 FreeRTOS/Source/tasks.o
 .bss.xNextTaskUnblockTime
                0x00800061        0x2 FreeRTOS/Source/tasks.o
 .bss.xNumOfOverflows
                0x00800063        0x1 FreeRTOS/Source/tasks.o
 .bss.xYieldPending
                0x00800064        0x1 FreeRTOS/Source/tasks.o
 .bss.xPendedTicks
                0x00800065        0x2 FreeRTOS/Source/tasks.o
 .bss.uxTopReadyPriority
                0x00800067        0x1 FreeRTOS/Source/tasks.o
 .bss.xTickCount
                0x00800068        0x2 FreeRTOS/Source/tasks.o
 .bss.pxOverflowDelayedTaskList
                0x0080006a        0x2 FreeRTOS/Source/tasks.o
 .bss.pxDelayedTaskList
                0x0080006c        0x2 FreeRTOS/Source/tasks.o
 .bss.pxReadyTasksLists
                0x0080006e       0x24 FreeRTOS/Source/tasks.o
 .bss.pxCurrentTCB
                0x00800092        0x2 FreeRTOS/Source/tasks.o
                0x00800092                pxCurrentTCB
 .bss.EXT_INTERRUPT2_FUNCTION_PTR
                0x00800094        0x2 MCAL/EXT_Interrupt/Source/EXT_Interrupts.o
                0x00800094                EXT_INTERRUPT2_FUNCTION_PTR
 .bss.EXT_INTERRUPT1_FUNCTION_PTR
                0x00800096        0x2 MCAL/EXT_Interrupt/Source/EXT_Interrupts.o
                0x00800096                EXT_INTERRUPT1_FUNCTION_PTR
 .bss.EXT_INTERRUPT0_FUNCTION_PTR
                0x00800098        0x2 MCAL/EXT_Interrupt/Source/EXT_Interrupts.o
                0x00800098                EXT_INTERRUPT0_FUNCTION_PTR
 *(COMMON)
                0x0080009a                PROVIDE (__bss_end, .)
                0x00000558                __data_load_start = LOADADDR (.data)
                0x00000558                __data_load_end = (__data_load_start + SIZEOF (.data))

.noinit         0x0080009a        0x0
                [!provide]                PROVIDE (__noinit_start, .)
 *(.noinit*)
                [!provide]                PROVIDE (__noinit_end, .)
                0x0080009a                _end = .
                [!provide]                PROVIDE (__heap_start, .)

.eeprom         0x00810000        0x0
 *(.eeprom*)
                0x00810000                __eeprom_end = .

.fuse
 *(.fuse)
 *(.lfuse)
 *(.hfuse)
 *(.efuse)

.lock
 *(.lock*)

.signature
 *(.signature*)

.user_signatures
 *(.user_signatures*)

.stab
 *(.stab)

.stabstr
 *(.stabstr)

.stab.excl
 *(.stab.excl)

.stab.exclstr
 *(.stab.exclstr)

.stab.index
 *(.stab.index)

.stab.indexstr
 *(.stab.indexstr)

.comment        0x00000000       0x30
 *(.comment)
 .comment       0x00000000       0x30 FreeRTOS/Source/tasks.o
                                 0x31 (size before relaxing)
 .comment       0x00000030       0x31 main.o
 .comment       0x00000030       0x31 MCAL/EXT_Interrupt/Source/EXT_Interrupts.o
 .comment       0x00000030       0x31 Port/Source/port.o

.note.gnu.avr.deviceinfo
                0x00000000       0x3c
 .note.gnu.avr.deviceinfo
                0x00000000       0x3c C:/Program Files (x86)/Atmel/Studio/7.0/Packs/atmel/ATmega_DFP/1.7.374/gcc/dev/atmega32/avr5/crtatmega32.o

.note.gnu.build-id
 *(.note.gnu.build-id)

.debug
 *(.debug)

.line
 *(.line)

.debug_srcinfo
 *(.debug_srcinfo)

.debug_sfnames
 *(.debug_sfnames)

.debug_aranges  0x00000000      0x210
 *(.debug_aranges)
 .debug_aranges
                0x00000000      0x158 FreeRTOS/Source/tasks.o
 .debug_aranges
                0x00000158       0x20 main.o
 .debug_aranges
                0x00000178       0x48 MCAL/EXT_Interrupt/Source/EXT_Interrupts.o
 .debug_aranges
                0x000001c0       0x50 Port/Source/port.o

.debug_pubnames
 *(.debug_pubnames)

.debug_info     0x00000000     0x23b9
 *(.debug_info .gnu.linkonce.wi.*)
 .debug_info    0x00000000      0x4e6 C:/Program Files (x86)/Atmel/Studio/7.0/Packs/atmel/ATmega_DFP/1.7.374/gcc/dev/atmega32/avr5/crtatmega32.o
 .debug_info    0x000004e6     0x19c4 FreeRTOS/Source/tasks.o
 .debug_info    0x00001eaa       0x98 main.o
 .debug_info    0x00001f42      0x229 MCAL/EXT_Interrupt/Source/EXT_Interrupts.o
 .debug_info    0x0000216b      0x24e Port/Source/port.o

.debug_abbrev   0x00000000      0x98f
 *(.debug_abbrev)
 .debug_abbrev  0x00000000      0x4a3 C:/Program Files (x86)/Atmel/Studio/7.0/Packs/atmel/ATmega_DFP/1.7.374/gcc/dev/atmega32/avr5/crtatmega32.o
 .debug_abbrev  0x000004a3      0x294 FreeRTOS/Source/tasks.o
 .debug_abbrev  0x00000737       0x46 main.o
 .debug_abbrev  0x0000077d       0xcf MCAL/EXT_Interrupt/Source/EXT_Interrupts.o
 .debug_abbrev  0x0000084c      0x143 Port/Source/port.o

.debug_line     0x00000000     0x1588
 *(.debug_line .debug_line.* .debug_line_end)
 .debug_line    0x00000000      0x116 C:/Program Files (x86)/Atmel/Studio/7.0/Packs/atmel/ATmega_DFP/1.7.374/gcc/dev/atmega32/avr5/crtatmega32.o
 .debug_line    0x00000116      0xfd3 FreeRTOS/Source/tasks.o
 .debug_line    0x000010e9       0x40 main.o
 .debug_line    0x00001129      0x192 MCAL/EXT_Interrupt/Source/EXT_Interrupts.o
 .debug_line    0x000012bb      0x2cd Port/Source/port.o

.debug_frame    0x00000000      0x710
 *(.debug_frame)
 .debug_frame   0x00000000      0x51c FreeRTOS/Source/tasks.o
 .debug_frame   0x0000051c       0x24 main.o
 .debug_frame   0x00000540      0x14c MCAL/EXT_Interrupt/Source/EXT_Interrupts.o
 .debug_frame   0x0000068c       0x84 Port/Source/port.o

.debug_str      0x00000000     0x1026
 *(.debug_str)
 .debug_str     0x00000000      0x196 C:/Program Files (x86)/Atmel/Studio/7.0/Packs/atmel/ATmega_DFP/1.7.374/gcc/dev/atmega32/avr5/crtatmega32.o
 .debug_str     0x00000196      0xc00 FreeRTOS/Source/tasks.o
                                0xc7e (size before relaxing)
 .debug_str     0x00000d96       0x2e main.o
                                0x1ac (size before relaxing)
 .debug_str     0x00000dc4      0x1e2 MCAL/EXT_Interrupt/Source/EXT_Interrupts.o
                                0x37f (size before relaxing)
 .debug_str     0x00000fa6       0x80 Port/Source/port.o
                                0x2d0 (size before relaxing)

.debug_loc      0x00000000     0x23b2
 *(.debug_loc)
 .debug_loc     0x00000000     0x1d62 FreeRTOS/Source/tasks.o
 .debug_loc     0x00001d62      0x3b0 MCAL/EXT_Interrupt/Source/EXT_Interrupts.o
 .debug_loc     0x00002112      0x2a0 Port/Source/port.o

.debug_macinfo
 *(.debug_macinfo)

.debug_weaknames
 *(.debug_weaknames)

.debug_funcnames
 *(.debug_funcnames)

.debug_typenames
 *(.debug_typenames)

.debug_varnames
 *(.debug_varnames)

.debug_pubtypes
 *(.debug_pubtypes)

.debug_ranges   0x00000000      0x210
 *(.debug_ranges)
 .debug_ranges  0x00000000      0x188 FreeRTOS/Source/tasks.o
 .debug_ranges  0x00000188       0x10 main.o
 .debug_ranges  0x00000198       0x38 MCAL/EXT_Interrupt/Source/EXT_Interrupts.o
 .debug_ranges  0x000001d0       0x40 Port/Source/port.o

.debug_macro
 *(.debug_macro)
OUTPUT(ATMEGA32.elf elf32-avr)
LOAD linker stubs
